###############################################################################
#
# IAR ELF Linker V7.80.1.11864/W32 for ARM                16/Jul/2017  13:38:15
# Copyright 2007-2016 IAR Systems AB.
#
#    Output file  =  
#        C:\ti\simplelink\zstack_home_1_02_02a_44539\Projects\zstack\HomeAutomation\SampleTemperatureSensor\CC26xx\SmartRF06\Exe\SampleTemperatureSensor.out
#    Map file     =  
#        C:\ti\simplelink\zstack_home_1_02_02a_44539\Projects\zstack\HomeAutomation\SampleTemperatureSensor\CC26xx\SmartRF06\List\SampleTemperatureSensor.map
#    Command line =  
#        C:\ti\simplelink\zstack_home_1_02_02a_44539\Projects\zstack\HomeAutomation\SampleTemperatureSensor\CC26xx\SmartRF06\Obj\ADC.o
#        C:\ti\simplelink\zstack_home_1_02_02a_44539\Projects\zstack\HomeAutomation\SampleTemperatureSensor\CC26xx\SmartRF06\Obj\ADCCC26XX.o
#        C:\ti\simplelink\zstack_home_1_02_02a_44539\Projects\zstack\HomeAutomation\SampleTemperatureSensor\CC26xx\SmartRF06\Obj\aux_adc.o
#        C:\ti\simplelink\zstack_home_1_02_02a_44539\Projects\zstack\HomeAutomation\SampleTemperatureSensor\CC26xx\SmartRF06\Obj\Board.o
#        C:\ti\simplelink\zstack_home_1_02_02a_44539\Projects\zstack\HomeAutomation\SampleTemperatureSensor\CC26xx\SmartRF06\Obj\board_key.o
#        C:\ti\simplelink\zstack_home_1_02_02a_44539\Projects\zstack\HomeAutomation\SampleTemperatureSensor\CC26xx\SmartRF06\Obj\board_lcd.o
#        C:\ti\simplelink\zstack_home_1_02_02a_44539\Projects\zstack\HomeAutomation\SampleTemperatureSensor\CC26xx\SmartRF06\Obj\board_led.o
#        C:\ti\simplelink\zstack_home_1_02_02a_44539\Projects\zstack\HomeAutomation\SampleTemperatureSensor\CC26xx\SmartRF06\Obj\CC2650DK_7ID.o
#        C:\ti\simplelink\zstack_home_1_02_02a_44539\Projects\zstack\HomeAutomation\SampleTemperatureSensor\CC26xx\SmartRF06\Obj\ccfg.o
#        C:\ti\simplelink\zstack_home_1_02_02a_44539\Projects\zstack\HomeAutomation\SampleTemperatureSensor\CC26xx\SmartRF06\Obj\CryptoBoard.o
#        C:\ti\simplelink\zstack_home_1_02_02a_44539\Projects\zstack\HomeAutomation\SampleTemperatureSensor\CC26xx\SmartRF06\Obj\ICall.o
#        C:\ti\simplelink\zstack_home_1_02_02a_44539\Projects\zstack\HomeAutomation\SampleTemperatureSensor\CC26xx\SmartRF06\Obj\ICallCC2650.o
#        C:\ti\simplelink\zstack_home_1_02_02a_44539\Projects\zstack\HomeAutomation\SampleTemperatureSensor\CC26xx\SmartRF06\Obj\main.o
#        C:\ti\simplelink\zstack_home_1_02_02a_44539\Projects\zstack\HomeAutomation\SampleTemperatureSensor\CC26xx\SmartRF06\Obj\nvoctp.o
#        C:\ti\simplelink\zstack_home_1_02_02a_44539\Projects\zstack\HomeAutomation\SampleTemperatureSensor\CC26xx\SmartRF06\Obj\pwrmon.o
#        C:\ti\simplelink\zstack_home_1_02_02a_44539\Projects\zstack\HomeAutomation\SampleTemperatureSensor\CC26xx\SmartRF06\Obj\tempsensor.o
#        C:\ti\simplelink\zstack_home_1_02_02a_44539\Projects\zstack\HomeAutomation\SampleTemperatureSensor\CC26xx\SmartRF06\Obj\util.o
#        C:\ti\simplelink\zstack_home_1_02_02a_44539\Projects\zstack\HomeAutomation\SampleTemperatureSensor\CC26xx\SmartRF06\Obj\zcl.o
#        C:\ti\simplelink\zstack_home_1_02_02a_44539\Projects\zstack\HomeAutomation\SampleTemperatureSensor\CC26xx\SmartRF06\Obj\zcl_diagnostic.o
#        C:\ti\simplelink\zstack_home_1_02_02a_44539\Projects\zstack\HomeAutomation\SampleTemperatureSensor\CC26xx\SmartRF06\Obj\zcl_ezmode.o
#        C:\ti\simplelink\zstack_home_1_02_02a_44539\Projects\zstack\HomeAutomation\SampleTemperatureSensor\CC26xx\SmartRF06\Obj\zcl_general.o
#        C:\ti\simplelink\zstack_home_1_02_02a_44539\Projects\zstack\HomeAutomation\SampleTemperatureSensor\CC26xx\SmartRF06\Obj\zcl_ms.o
#        C:\ti\simplelink\zstack_home_1_02_02a_44539\Projects\zstack\HomeAutomation\SampleTemperatureSensor\CC26xx\SmartRF06\Obj\zcl_port.o
#        C:\ti\simplelink\zstack_home_1_02_02a_44539\Projects\zstack\HomeAutomation\SampleTemperatureSensor\CC26xx\SmartRF06\Obj\zstackapi.o
#        -o
#        C:\ti\simplelink\zstack_home_1_02_02a_44539\Projects\zstack\HomeAutomation\SampleTemperatureSensor\CC26xx\SmartRF06\Exe\SampleTemperatureSensor.out
#        --config_def CC2650=1 --config_def USE_SYSBIOS_IN_ROM=1 --map
#        C:\ti\simplelink\zstack_home_1_02_02a_44539\Projects\zstack\HomeAutomation\SampleTemperatureSensor\CC26xx\SmartRF06\List\SampleTemperatureSensor.map
#        --config
#        C:\ti\simplelink\zstack_home_1_02_02a_44539\Projects\zstack\HomeAutomation\SampleTemperatureSensor\CC26xx\cc26xx_app.icf
#        --keep __vector_table -f
#        C:\ti\simplelink\zstack_home_1_02_02a_44539\Projects\zstack\HomeAutomation\SampleTemperatureSensor\CC26xx\configPkg\linker.cmd
#        (C:\ti\simplelink\zstack_home_1_02_02a_44539\Projects\zstack\HomeAutomation\SampleTemperatureSensor\CC26xx\configPkg\package\cfg\app_prm3.orm3
#        C:\ti\simplelink\zstack_home_1_02_02a_44539\Projects\zstack\HomeAutomation\SampleTemperatureSensor\CC26xx\src\sysbios\sysbios.arm3
#        C:\ti\tirtos_simplelink_2_11_01_09\packages\ti\drivers\lib\drivers_cc26xxware.arm3
#        C:\ti\tirtos_simplelink_2_11_01_09\products\bios_6_41_02_41\packages\ti\sysbios\fatfs\lib\release\ti.sysbios.fatfs.arm3
#        C:\ti\tirtos_simplelink_2_11_01_09\products\bios_6_41_02_41\packages\iar\targets\arm\rts\lib\release\boot.arm3
#        --entry __iar_program_start --keep __vector_table --define_symbol
#        ti_sysbios_family_arm_m3_Hwi_nvic=0xe000e000 --keep
#        xdc_runtime_Error_policy__C --keep
#        xdc_runtime_IModule_Interface__BASE__C --keep
#        xdc_runtime_Startup_lastFxns__C --keep
#        ti_sysbios_gates_GateMutex_Object__DESC__C --keep
#        ti_sysbios_rom_ROM_ti_sysbios_family_arm_cc26xx_Timer_initDevice__I
#        --keep xdc_runtime_Startup_execImpl__C --keep
#        ti_sysbios_gates_GateMutex_Instance_State_sem__O --keep
#        ti_sysbios_rom_ROM_ti_sysbios_family_arm_cc26xx_Timer_getMaxTicks__E
#        --keep ti_sysbios_knl_Swi_Object__count__C --keep
#        ti_sysbios_knl_Idle_funcList__C --keep
#        ti_sysbios_family_arm_m3_Hwi_Object__PARAMS__C --keep
#        xdc_runtime_Text_isLoaded__C --keep
#        ti_sysbios_knl_Clock_Object__DESC__C --keep
#        ti_sysbios_family_arm_cc26xx_Boot_alternateBackdoorIOID__C --keep
#        ti_sysbios_knl_Mailbox_Instance_State_dataQue__O --keep
#        ti_sysbios_gates_GateMutex_Module__FXNS__C --keep
#        ti_sysbios_knl_Task_Module_State_inactiveQ__O --keep
#        ti_sysbios_family_arm_m3_Hwi_Module__id__C --keep
#        ti_sysbios_family_arm_cc26xx_Timer_Module__id__C --keep
#        ti_sysbios_knl_Mailbox_Object__table__C --keep
#        ti_sysbios_family_arm_m3_Hwi_Object__table__C --keep
#        ti_sysbios_knl_Swi_Object__DESC__C --keep xdc_runtime_Text_charCnt__C
#        --keep ti_sysbios_rom_ROM_ti_sysbios_family_arm_cc26xx_Timer_start__E
#        --keep ti_sysbios_heaps_HeapMem_Object__table__C --keep
#        xdc_runtime_Error_policyFxn__C --keep
#        ti_sysbios_rom_ROM_ti_sysbios_family_arm_cc26xx_Timer_getCount64__E
#        --keep xdc_runtime_Startup_firstFxns__C --keep
#        ti_sysbios_knl_Swi_Object__PARAMS__C --keep
#        ti_sysbios_knl_Clock_serviceMargin__C --keep
#        xdc_runtime_Text_charTab__C --keep
#        ti_sysbios_rom_ROM_AONRTCCurrentCompareValueGet --keep
#        ti_sysbios_rom_ROM_ti_sysbios_family_arm_cc26xx_TimestampProvider_get32__E
#        --keep
#        ti_sysbios_rom_ROM_ti_sysbios_family_arm_cc26xx_Timer_getCurrentTick__E
#        --keep ti_sysbios_family_arm_m3_TaskSupport_stackAlignment__C --keep
#        ti_sysbios_family_arm_m3_Hwi_NUM_INTERRUPTS__C --keep
#        xdc_runtime_Main_Module__diagsMask__C --keep
#        ti_sysbios_knl_Swi_Object__table__C --keep
#        ti_sysbios_family_arm_cc26xx_Boot_overrideDefaultBackdoorIOID__C
#        --keep xdc_runtime_Memory_Module__id__C --keep
#        ti_sysbios_knl_Task_Object__PARAMS__C --keep
#        ti_sysbios_gates_GateMutex_Object__PARAMS__C --keep
#        ti_sysbios_heaps_HeapMem_Module__gateObj__C --keep
#        ti_sysbios_family_arm_cc26xx_Timer_startupNeeded__C --keep
#        ti_sysbios_knl_Queue_Object__DESC__C --keep
#        ti_sysbios_knl_Task_Object__DESC__C --keep
#        xdc_runtime_Assert_E_assertFailed__C --keep
#        ti_sysbios_heaps_HeapMem_Object__PARAMS__C --keep
#        ti_sysbios_gates_GateHwi_Module__id__C --keep
#        ti_sysbios_gates_GateHwi_Object__PARAMS__C --keep
#        xdc_runtime_IHeap_Interface__BASE__C --keep
#        xdc_runtime_SysCallback_exitFxn__C --keep
#        ti_sysbios_heaps_HeapMem_Module__id__C --keep
#        ti_sysbios_family_arm_m3_Hwi_excHandlerFunc__C --keep
#        ti_sysbios_heaps_HeapMem_Module__FXNS__C --keep
#        xdc_runtime_System_maxAtexitHandlers__C --keep
#        ti_sysbios_knl_Queue_Object__count__C --keep
#        ti_sysbios_knl_Task_Object__table__C --keep
#        ti_sysbios_knl_Mailbox_Object__DESC__C --keep
#        ti_sysbios_family_arm_m3_Hwi_nullIsrFunc__C --keep
#        ti_sysbios_knl_Clock_tickMode__C --keep
#        ti_sysbios_gates_GateMutex_Module__id__C --keep
#        ti_sysbios_knl_Swi_numPriorities__C --keep
#        ti_sysbios_knl_Task_numConstructedTasks__C --keep
#        xdc_runtime_Startup_maxPasses__C --keep
#        ti_sysbios_rom_ROM_AONRTCEventClear --keep
#        ti_sysbios_knl_Task_initStackFlag__C --keep
#        xdc_runtime_Main_Module__diagsEnabled__C --keep
#        xdc_runtime_Main_Module__diagsIncluded__C --keep
#        xdc_runtime_System_abortFxn__C --keep
#        ti_sysbios_knl_Mailbox_Instance_State_dataSem__O --keep
#        ti_sysbios_gates_GateHwi_Module__FXNS__C --keep
#        ti_sysbios_hal_Hwi_Object__DESC__C --keep
#        ti_sysbios_family_arm_m3_Hwi_priGroup__C --keep
#        xdc_runtime_Error_E_memory__C --keep
#        ti_sysbios_family_arm_m3_Hwi_E_alreadyDefined__C --keep
#        ti_sysbios_knl_Mailbox_Instance_State_freeSem__O --keep
#        ti_sysbios_knl_Queue_Object__table__C --keep
#        ti_sysbios_knl_Semaphore_Object__PARAMS__C --keep
#        xdc_runtime_System_exitFxn__C --keep
#        ti_sysbios_knl_Clock_Object__PARAMS__C --keep
#        ti_sysbios_rom_ROM_AONRTCCompareValueSet --keep
#        ti_sysbios_rom_ROM_ti_sysbios_family_arm_cc26xx_Timer_setNextTick__E
#        --keep ti_sysbios_heaps_HeapMem_reqAlign__C --keep
#        xdc_runtime_Main_Module__id__C --keep xdc_runtime_Startup_sfxnRts__C
#        --keep ti_sysbios_knl_Semaphore_Object__DESC__C --keep
#        ti_sysbios_gates_GateHwi_Object__DESC__C --keep
#        ti_sysbios_heaps_HeapMem_Object__count__C --keep
#        ti_sysbios_family_arm_m3_Hwi_numSparseInterrupts__C --keep
#        ti_sysbios_family_arm_cc26xx_TimestampProvider_useClockTimer__C --keep
#        ti_sysbios_rom_ROM_xdc_runtime_System_SupportProxy_exit__E --keep
#        ti_sysbios_knl_Queue_Object__PARAMS__C --keep
#        ti_sysbios_knl_Task_allBlockedFunc__C --keep
#        ti_sysbios_rom_ROM_xdc_runtime_System_SupportProxy_abort__E --keep
#        ti_sysbios_knl_Mailbox_Object__count__C --keep
#        xdc_runtime_Text_nameStatic__C --keep
#        ti_sysbios_rom_ROM_xdc_runtime_Startup_getState__I --keep
#        ti_sysbios_knl_Clock_Module_State_clockQ__O --keep
#        ti_sysbios_knl_Task_defaultStackSize__C --keep
#        xdc_runtime_IGateProvider_Interface__BASE__C --keep
#        ti_sysbios_family_arm_m3_Hwi_E_hwiLimitExceeded__C --keep
#        xdc_runtime_Startup_startModsFxn__C --keep
#        ti_sysbios_knl_Semaphore_Instance_State_pendQ__O --keep
#        ti_sysbios_family_arm_m3_Hwi_Object__DESC__C --keep
#        xdc_runtime_Text_nameEmpty__C --keep
#        ti_sysbios_family_arm_m3_Hwi_Object__count__C --keep
#        xdc_runtime_SysCallback_abortFxn__C --keep
#        ti_sysbios_knl_Task_defaultStackHeap__C --keep
#        ti_sysbios_family_arm_m3_Hwi_ccr__C --keep
#        ti_sysbios_knl_Mailbox_Object__PARAMS__C --keep
#        ti_sysbios_hal_Hwi_Object__PARAMS__C --keep
#        ti_sysbios_heaps_HeapMem_E_memory__C --keep
#        ti_sysbios_knl_Task_Object__count__C --keep
#        ti_sysbios_rom_ROM_AONRTCChannelEnable --keep
#        ti_sysbios_heaps_HeapMem_Object__DESC__C --keep
#        xdc_runtime_Text_nameUnknown__C --keep
#        xdc_runtime_Memory_defaultHeapInstance__C --keep
#        ti_sysbios_knl_Mailbox_Instance_State_freeQue__O --keep
#        ti_sysbios_rom_ROM_ti_sysbios_family_arm_cc26xx_Timer_setThreshold__I
#        --keep xdc_runtime_Startup_sfxnTab__C --keep
#        ti_sysbios_knl_Clock_Module__state__V --keep
#        ti_sysbios_family_arm_cc26xx_TimestampProvider_Module__state__V --keep
#        xdc_runtime_Startup_Module__state__V --keep
#        ti_sysbios_BIOS_Module__state__V --keep
#        ti_sysbios_knl_Swi_Module__state__V --keep
#        ti_sysbios_knl_Task_Module__state__V --keep
#        xdc_runtime_Memory_Module__state__V --keep
#        xdc_runtime_System_Module__state__V --keep
#        ti_sysbios_family_arm_m3_Hwi_Module__state__V --keep
#        ti_sysbios_family_arm_cc26xx_Timer_Module__state__V --define_symbol
#        memcpy=0x1001ca79 --define_symbol memset=0x1001ca8b --define_symbol
#        ti_sysbios_rom_cortexm_cc26xx_CC26xx_getRevision__E=0x1001ca9b
#        --define_symbol ti_sysbios_knl_Queue_get__E=0x1001bf11 --define_symbol
#        ti_sysbios_knl_Swi_enabled__E=0x1001c0e5 --define_symbol
#        ti_sysbios_knl_Clock_scheduleNextTick__E=0x1001bebd --define_symbol
#        ti_sysbios_knl_Swi_runLoop__I=0x1001b0d5 --define_symbol
#        ti_sysbios_knl_Clock_getTicks__E=0x1001b6d9 --define_symbol
#        ti_sysbios_gates_GateMutex_Object__destruct__S=0x1001bc49
#        --define_symbol ti_sysbios_knl_Queue_enqueue__E=0x1001c1b5
#        --define_symbol ti_sysbios_knl_Queue_put__E=0x1001bf2d --define_symbol
#        ti_sysbios_family_arm_m3_Hwi_Object__create__S=0x1001aab1
#        --define_symbol ti_sysbios_gates_GateHwi_Instance_init__E=0x1001b463
#        --define_symbol ti_sysbios_hal_Hwi_Instance_finalize__E=0x1001c1f1
#        --define_symbol ti_sysbios_BIOS_RtsGateProxy_leave__E=0x1001c24d
#        --define_symbol ti_sysbios_heaps_HeapMem_Object__create__S=0x1001b845
#        --define_symbol xdc_runtime_Error_raiseX__E=0x1001c769 --define_symbol
#        ti_sysbios_knl_Semaphore_construct=0x1001b709 --define_symbol
#        ti_sysbios_knl_Clock_Object__destruct__S=0x1001bce9 --define_symbol
#        ti_sysbios_knl_Clock_TimerProxy_getMaxTicks__E=0x1001c0a5
#        --define_symbol ti_sysbios_knl_Swi_Object__destruct__S=0x1001bf49
#        --define_symbol
#        ti_sysbios_family_arm_cc26xx_TimestampProvider_getFreq__E=0x1001c12f
#        --define_symbol ti_sysbios_gates_GateMutex_Handle__label__S=0x1001bc29
#        --define_symbol ti_sysbios_knl_Mailbox_delete=0x1001c2c5
#        --define_symbol ti_sysbios_knl_Semaphore_destruct=0x1001c2e1
#        --define_symbol ti_sysbios_BIOS_RtsGateProxy_enter__E=0x1001c249
#        --define_symbol ti_sysbios_knl_Task_processVitalTaskFlag__I=0x1001b739
#        --define_symbol ti_sysbios_knl_Mailbox_create=0x1001abdd
#        --define_symbol xdc_runtime_Core_deleteObject__I=0x1001c4f9
#        --define_symbol ti_sysbios_knl_Queue_delete=0x1001c2cd --define_symbol
#        ti_sysbios_family_arm_m3_Hwi_doSwiRestore__I=0x1001c1fb
#        --define_symbol xdc_runtime_System_atexit__E=0x1001c681
#        --define_symbol ti_sysbios_gates_GateMutex_Params__init__S=0x1001c179
#        --define_symbol ti_sysbios_knl_Clock_getTimerHandle__E=0x1001c191
#        --define_symbol ti_sysbios_knl_Task_enable__E=0x1001c243
#        --define_symbol
#        ti_sysbios_knl_Clock_TimerProxy_getExpiredTicks__E=0x1001c2ad
#        --define_symbol ti_sysbios_knl_Queue_Object__destruct__S=0x1001bef5
#        --define_symbol ti_sysbios_knl_Clock_Object__delete__S=0x1001badd
#        --define_symbol ti_sysbios_gates_GateMutex_delete=0x1001c26d
#        --define_symbol ti_sysbios_heaps_HeapMem_restore__E=0x1001c105
#        --define_symbol ti_sysbios_knl_Swi_create=0x1001ad05 --define_symbol
#        ti_sysbios_heaps_HeapMem_Module_GateProxy_leave__E=0x1001c2a1
#        --define_symbol ti_sysbios_knl_Semaphore_pend__E=0x1001a0cd
#        --define_symbol ti_sysbios_knl_Mailbox_Instance_finalize__E=0x1001a9dd
#        --define_symbol xdc_runtime_Startup_startMods__I=0x1001c30d
#        --define_symbol ti_sysbios_heaps_HeapMem_init__I=0x1001b545
#        --define_symbol ti_sysbios_knl_Swi_Object__delete__S=0x1001bda9
#        --define_symbol
#        ti_sysbios_hal_Hwi_HwiProxy_enableInterrupt__E=0x1001c285
#        --define_symbol ti_sysbios_knl_Clock_removeI__E=0x1001c2bd
#        --define_symbol xdc_runtime_System_abort__E=0x1001c749 --define_symbol
#        ti_sysbios_family_arm_m3_Hwi_dispatchC__I=0x1001aa49 --define_symbol
#        ti_sysbios_knl_Swi_construct=0x1001b085 --define_symbol
#        ti_sysbios_knl_Task_sleepTimeout__I=0x1001bf81 --define_symbol
#        ti_sysbios_knl_Queue_remove__E=0x1001c121 --define_symbol
#        ti_sysbios_knl_Semaphore_Instance_finalize__E=0x1001c0c5
#        --define_symbol ti_sysbios_gates_GateMutex_destruct=0x1001c271
#        --define_symbol
#        ti_sysbios_knl_Task_SupportProxy_Module__startupDone__S=0x1001c2f1
#        --define_symbol ti_sysbios_knl_Queue_Object__delete__S=0x1001bd49
#        --define_symbol ti_sysbios_knl_Mailbox_Object__get__S=0x1001b89d
#        --define_symbol
#        ti_sysbios_family_arm_m3_Hwi_Instance_init__E=0x1001a3c9
#        --define_symbol ti_sysbios_knl_Clock_delete=0x1001c2b5 --define_symbol
#        ti_sysbios_knl_Clock_walkQueueDynamic__E=0x1001a80d --define_symbol
#        ti_sysbios_knl_Mailbox_Object__destruct__S=0x1001bed9 --define_symbol
#        ti_sysbios_knl_Mailbox_post__E=0x1001a591 --define_symbol
#        ti_sysbios_knl_Clock_Instance_init__E=0x1001b50d --define_symbol
#        ti_sysbios_knl_Task_allBlockedFunction__I=0x1001b365 --define_symbol
#        ti_sysbios_knl_Task_postInit__I=0x1001a615 --define_symbol
#        ti_sysbios_knl_Task_enter__I=0x1001be09 --define_symbol
#        ti_sysbios_hal_Hwi_switchFromBootStack__E=0x1001c299 --define_symbol
#        ti_sysbios_knl_Semaphore_Object__destruct__S=0x1001bd89
#        --define_symbol
#        ti_sysbios_hal_Hwi_HwiProxy_Object__create__S=0x1001c085
#        --define_symbol
#        ti_sysbios_family_arm_cc26xx_Timer_postInit__I=0x1001b769
#        --define_symbol ti_sysbios_knl_Swi_Module_startup__E=0x1001c237
#        --define_symbol
#        ti_sysbios_gates_GateMutex_Instance_finalize__E=0x1001c075
#        --define_symbol xdc_runtime_Core_assignParams__I=0x1001c5f1
#        --define_symbol
#        ti_sysbios_hal_Hwi_HwiProxy_switchFromBootStack__E=0x1001c291
#        --define_symbol ti_sysbios_knl_Swi_post__E=0x1001b321 --define_symbol
#        ti_sysbios_hal_Hwi_initStack=0x1001b819 --define_symbol
#        xdc_runtime_Memory_alloc__E=0x1001c489 --define_symbol
#        ti_sysbios_knl_Queue_next__E=0x1001c2d9 --define_symbol
#        ti_sysbios_knl_Clock_Instance_finalize__E=0x1001bfcd --define_symbol
#        ti_sysbios_knl_Queue_elemClear__E=0x1001c231 --define_symbol
#        ti_sysbios_knl_Clock_Params__init__S=0x1001c185 --define_symbol
#        ti_sysbios_knl_Task_Instance_init__E=0x1001a25d --define_symbol
#        ti_sysbios_hal_Hwi_HwiProxy_startup__E=0x1001c28d --define_symbol
#        ti_sysbios_knl_Task_self__E=0x1001c1e5 --define_symbol
#        ti_sysbios_knl_Task_startup__E=0x1001c309 --define_symbol
#        ti_sysbios_gates_GateHwi_Object__delete__S=0x1001bc09 --define_symbol
#        ti_sysbios_family_arm_cc26xx_Timer_startup__E=0x1001b795
#        --define_symbol xdc_runtime_Memory_free__E=0x1001c801 --define_symbol
#        ti_sysbios_hal_Hwi_delete=0x1001c295 --define_symbol
#        ti_sysbios_knl_Queue_Instance_init__E=0x1001c22b --define_symbol
#        ti_sysbios_family_arm_cc26xx_Timer_Module_startup__E=0x1001ba71
#        --define_symbol xdc_runtime_Assert_raise__I=0x1001c5a9 --define_symbol
#        ti_sysbios_hal_Hwi_create=0x1001ab79 --define_symbol
#        ti_sysbios_knl_Task_destruct=0x1001c305 --define_symbol
#        ti_sysbios_hal_Hwi_Module_startup__E=0x1001c021 --define_symbol
#        ti_sysbios_family_arm_m3_Hwi_excHandler__I=0x1001bbc9 --define_symbol
#        xdc_runtime_Core_destructObject__I=0x1001c7a1 --define_symbol
#        ti_sysbios_knl_Swi_disable__E=0x1001c0d5 --define_symbol
#        ti_sysbios_BIOS_setThreadType__E=0x1001c045 --define_symbol
#        ti_sysbios_knl_Task_disable__E=0x1001c0f5 --define_symbol
#        ti_sysbios_knl_Swi_Instance_init__E=0x1001aca5 --define_symbol
#        ti_sysbios_knl_Semaphore_pendTimeout__I=0x1001b94d --define_symbol
#        ti_sysbios_knl_Clock_create=0x1001b3ed --define_symbol
#        ti_sysbios_knl_Idle_loop__E=0x1001c20b --define_symbol
#        ti_sysbios_gates_GateHwi_leave__E=0x1001c21f --define_symbol
#        ti_sysbios_family_arm_m3_Hwi_enableInterrupt__E=0x1001b2dd
#        --define_symbol ti_sysbios_knl_Semaphore_Params__init__S=0x1001c1c1
#        --define_symbol ti_sysbios_knl_Task_unblock__E=0x1001bfb5
#        --define_symbol ti_sysbios_knl_Swi_destruct=0x1001c2e9 --define_symbol
#        ti_sysbios_BIOS_getCpuFreq__E=0x1001bff9 --define_symbol
#        xdc_runtime_Memory_calloc__E=0x1001c84d --define_symbol
#        ti_sysbios_family_arm_m3_Hwi_startup__E=0x1001c203 --define_symbol
#        xdc_runtime_SysCallback_exit__E=0x1001c821 --define_symbol
#        ti_sysbios_knl_Queue_empty__E=0x1001c113 --define_symbol
#        ti_sysbios_knl_Clock_logTick__E=0x1001be67 --define_symbol
#        ti_sysbios_knl_Task_yield__E=0x1001b3a9 --define_symbol
#        ti_sysbios_knl_Task_SupportProxy_getStackAlignment__E=0x1001c2f5
#        --define_symbol ti_sysbios_family_arm_m3_Hwi_create=0x1001ab15
#        --define_symbol xdc_runtime_Timestamp_SupportProxy_get32__E=0x1001c831
#        --define_symbol ti_sysbios_family_arm_m3_Hwi_destruct=0x1001c261
#        --define_symbol ti_sysbios_knl_Clock_stop__E=0x1001c225
#        --define_symbol
#        ti_sysbios_family_arm_m3_Hwi_doTaskRestore__I=0x1001c213
#        --define_symbol ti_sysbios_knl_Swi_run__I=0x1001afd9 --define_symbol
#        ti_sysbios_family_arm_cc26xx_Timer_Module__startupDone__S=0x1001bb49
#        --define_symbol xdc_runtime_Core_createObject__I=0x1001c405
#        --define_symbol ti_sysbios_knl_Queue_create=0x1001b921 --define_symbol
#        ti_sysbios_hal_Hwi_Object__delete__S=0x1001bc69 --define_symbol
#        ti_sysbios_knl_Clock_construct=0x1001b579 --define_symbol
#        xdc_runtime_System_abortSpin__E=0x1001c899 --define_symbol
#        ti_sysbios_family_arm_m3_Hwi_Object__destruct__S=0x1001be69
#        --define_symbol ti_sysbios_hal_Hwi_HwiProxy_delete=0x1001c27d
#        --define_symbol
#        ti_sysbios_gates_GateMutex_Object__create__S=0x1001b649
#        --define_symbol
#        ti_sysbios_family_arm_m3_Hwi_getStackInfo__E=0x1001b465
#        --define_symbol
#        ti_sysbios_heaps_HeapMem_Module_GateProxy_enter__E=0x1001c29d
#        --define_symbol ti_sysbios_knl_Semaphore_post__E=0x1001ac41
#        --define_symbol ti_sysbios_knl_Task_exit__E=0x1001b429 --define_symbol
#        ti_sysbios_heaps_HeapMem_Instance_init__E=0x1001b4d5 --define_symbol
#        ti_sysbios_knl_Swi_restore__E=0x1001b5e1 --define_symbol
#        ti_sysbios_knl_Task_startCore__E=0x1001ae75 --define_symbol
#        ti_sysbios_knl_Semaphore_create=0x1001b5ad --define_symbol
#        ti_sysbios_gates_GateHwi_enter__E=0x1001c16d --define_symbol
#        ti_sysbios_knl_Task_blockI__E=0x1001b615 --define_symbol
#        ti_sysbios_heaps_HeapMem_free__E=0x1001a795 --define_symbol
#        ti_sysbios_knl_Task_Object__destruct__S=0x1001bf65 --define_symbol
#        ti_sysbios_family_arm_cc26xx_Timer_periodicStub__E=0x1001a469
#        --define_symbol ti_sysbios_hal_Hwi_Instance_init__E=0x1001b9f9
#        --define_symbol ti_sysbios_gates_GateHwi_query__E=0x1001c269
#        --define_symbol xdc_runtime_System_processAtExit__E=0x1001c6b9
#        --define_symbol
#        ti_sysbios_family_arm_cc26xx_Timer_setPeriod__E=0x1001c259
#        --define_symbol xdc_runtime_Error_init__E=0x1001c841 --define_symbol
#        ti_sysbios_knl_Semaphore_Instance_init__E=0x1001bb01 --define_symbol
#        ti_sysbios_knl_Queue_head__E=0x1001c2d5 --define_symbol
#        xdc_runtime_Error_check__E=0x1001c7b9 --define_symbol
#        xdc_runtime_Error_policySpin__E=0x1001c487 --define_symbol
#        ti_sysbios_gates_GateMutex_create=0x1001b679 --define_symbol
#        xdc_runtime_Gate_leaveSystem__E=0x1001c879 --define_symbol
#        ti_sysbios_knl_Swi_restoreHwi__E=0x1001ad61 --define_symbol
#        ti_sysbios_knl_Task_sleep__E=0x1001a96d --define_symbol
#        ti_sysbios_knl_Task_create=0x1001ae19 --define_symbol
#        ti_sysbios_knl_Mailbox_Params__init__S=0x1001c19d --define_symbol
#        ti_sysbios_knl_Task_restoreHwi__E=0x1001be29 --define_symbol
#        ti_sysbios_knl_Mailbox_postInit__I=0x1001b8c9 --define_symbol
#        ti_sysbios_knl_Task_delete=0x1001c301 --define_symbol
#        ti_sysbios_heaps_HeapMem_isBlocking__E=0x1001c2a5 --define_symbol
#        ti_sysbios_knl_Clock_startI__E=0x1001a719 --define_symbol
#        ti_sysbios_knl_Clock_start__E=0x1001bfe3 --define_symbol
#        ti_sysbios_family_arm_m3_Hwi_Object__delete__S=0x1001bba9
#        --define_symbol
#        ti_sysbios_knl_Clock_TimerProxy_getPeriod__E=0x1001c2b1
#        --define_symbol ti_sysbios_knl_Task_SupportProxy_start__E=0x1001c2f9
#        --define_symbol ti_sysbios_heaps_HeapMem_Handle__label__S=0x1001bc89
#        --define_symbol ti_sysbios_family_arm_m3_Hwi_delete=0x1001c25d
#        --define_symbol ti_sysbios_knl_Semaphore_Object__delete__S=0x1001bb25
#        --define_symbol ti_sysbios_hal_Hwi_HwiProxy_getStackInfo__E=0x1001c289
#        --define_symbol ti_sysbios_knl_Idle_run__E=0x1001bd09 --define_symbol
#        ti_sysbios_knl_Swi_delete=0x1001c2e5 --define_symbol
#        xdc_runtime_Memory_valloc__E=0x1001c785 --define_symbol
#        ti_sysbios_knl_Mailbox_Object__delete__S=0x1001bd29 --define_symbol
#        ti_sysbios_family_arm_m3_TaskSupport_start__E=0x1001b49d
#        --define_symbol
#        ti_sysbios_family_arm_m3_Hwi_Module__startupDone__S=0x1001bb89
#        --define_symbol ti_sysbios_knl_Swi_startup__E=0x1001c23d
#        --define_symbol ti_sysbios_knl_Task_schedule__I=0x1001b175
#        --define_symbol ti_sysbios_gates_GateMutex_leave__E=0x1001bf9d
#        --define_symbol ti_sysbios_heaps_HeapMem_Object__delete__S=0x1001bca9
#        --define_symbol
#        ti_sysbios_knl_Clock_TimerProxy_setNextTick__E=0x1001c0b5
#        --define_symbol ti_sysbios_knl_Swi_Object__get__S=0x1001b979
#        --define_symbol ti_sysbios_knl_Task_restore__E=0x1001ba49
#        --define_symbol xdc_runtime_Memory_HeapProxy_alloc__E=0x1001c889
#        --define_symbol ti_sysbios_gates_GateHwi_Object__create__S=0x1001ba95
#        --define_symbol
#        ti_sysbios_hal_Hwi_HwiProxy_disableInterrupt__E=0x1001c281
#        --define_symbol ti_sysbios_BIOS_start__E=0x1001c055 --define_symbol
#        ti_sysbios_BIOS_exit__E=0x1001c035 --define_symbol
#        ti_sysbios_family_arm_m3_TaskSupport_getStackAlignment__E=0x1001c161
#        --define_symbol xdc_runtime_SysCallback_abort__E=0x1001c811
#        --define_symbol ti_sysbios_knl_Queue_destruct=0x1001c2d1
#        --define_symbol ti_sysbios_family_arm_m3_Hwi_postInit__I=0x1001a319
#        --define_symbol ti_sysbios_gates_GateMutex_Instance_init__E=0x1001bea1
#        --define_symbol ti_sysbios_knl_Task_Instance_finalize__E=0x1001a4fd
#        --define_symbol
#        ti_sysbios_knl_Clock_TimerProxy_getCurrentTick__E=0x1001c095
#        --define_symbol ti_sysbios_family_arm_m3_Hwi_disableFxn__E=0x1001c149
#        --define_symbol xdc_runtime_Memory_HeapProxy_free__E=0x1001c88d
#        --define_symbol ti_sysbios_knl_Mailbox_Module_startup__E=0x1001b251
#        --define_symbol ti_sysbios_knl_Task_Object__delete__S=0x1001bdc9
#        --define_symbol ti_sysbios_gates_GateHwi_Handle__label__S=0x1001bbe9
#        --define_symbol xdc_runtime_Text_ropeText__E=0x1001c7e9
#        --define_symbol ti_sysbios_knl_Clock_destruct=0x1001c2b9
#        --define_symbol ti_sysbios_knl_Queue_construct=0x1001b8f5
#        --define_symbol
#        ti_sysbios_family_arm_m3_Hwi_switchFromBootStack__E=0x1001c00d
#        --define_symbol ti_sysbios_heaps_HeapMem_Object__get__S=0x1001b871
#        --define_symbol ti_sysbios_hal_Hwi_HwiProxy_create=0x1001be49
#        --define_symbol ti_sysbios_gates_GateMutex_query__E=0x1001c275
#        --define_symbol ti_sysbios_knl_Swi_schedule__I=0x1001b031
#        --define_symbol ti_sysbios_knl_Task_Params__init__S=0x1001c1d9
#        --define_symbol
#        ti_sysbios_family_arm_m3_Hwi_Params__init__S=0x1001c13d
#        --define_symbol ti_sysbios_family_arm_m3_Hwi_plug__E=0x1001c065
#        --define_symbol xdc_runtime_System_exitSpin__E=0x1001c89b
#        --define_symbol ti_sysbios_gates_GateMutex_construct=0x1001b7ed
#        --define_symbol
#        xdc_runtime_System_Module_GateProxy_leave__E=0x1001c895
#        --define_symbol ti_sysbios_knl_Mailbox_pend__E=0x1001a8fd
#        --define_symbol
#        ti_sysbios_family_arm_m3_TaskSupport_Module__startupDone__S=0x1001c265
#        --define_symbol xdc_runtime_Core_assignLabel__I=0x1001c6ed
#        --define_symbol
#        xdc_runtime_System_Module_GateProxy_enter__E=0x1001c891
#        --define_symbol xdc_runtime_System_exit__E=0x1001c7d1 --define_symbol
#        ti_sysbios_knl_Swi_Params__init__S=0x1001c1cd --define_symbol
#        ti_sysbios_knl_Clock_workFunc__E=0x1001a885 --define_symbol
#        ti_sysbios_family_arm_m3_Hwi_restoreFxn__E=0x1001c219 --define_symbol
#        ti_sysbios_family_arm_cc26xx_TimestampProvider_Module_startup__E=0x1001bb69
#        --define_symbol ti_sysbios_knl_Semaphore_delete=0x1001c2dd
#        --define_symbol
#        ti_sysbios_family_arm_cc26xx_Timer_getPeriod__E=0x1001c255
#        --define_symbol ti_sysbios_family_arm_m3_Hwi_initNVIC__E=0x1001a699
#        --define_symbol ti_sysbios_knl_Clock_addI__E=0x1001ba21
#        --define_symbol
#        ti_sysbios_family_arm_m3_Hwi_Instance_finalize__E=0x1001aed1
#        --define_symbol ti_sysbios_heaps_HeapMem_alloc__E=0x1001a199
#        --define_symbol ti_sysbios_knl_Task_unblockI__E=0x1001b9a5
#        --define_symbol ti_sysbios_knl_Swi_Instance_finalize__E=0x1001bf9b
#        --define_symbol
#        ti_sysbios_family_arm_m3_Hwi_disableInterrupt__E=0x1001b299
#        --define_symbol ti_sysbios_family_arm_m3_Hwi_enableFxn__E=0x1001c155
#        --define_symbol xdc_runtime_Gate_enterSystem__E=0x1001c885
#        --define_symbol
#        ti_sysbios_gates_GateMutex_Object__delete__S=0x1001bab9
#        --define_symbol
#        ti_sysbios_family_arm_cc26xx_TimestampProvider_get64__E=0x1001b9d1
#        --define_symbol ti_sysbios_knl_Mailbox_Instance_init__E=0x1001a001
#        --define_symbol xdc_runtime_Text_cordText__E=0x1001c71d
#        --define_symbol xdc_runtime_Startup_exec__E=0x1001c559 --define_symbol
#        ti_sysbios_hal_Hwi_HwiProxy_Module__startupDone__S=0x1001c279
#        --define_symbol ti_sysbios_heaps_HeapMem_getStats__E=0x1001b209
#        --define_symbol ti_sysbios_knl_Task_SupportProxy_swap__E=0x1001c2fd
#        --define_symbol
#        xdc_runtime_Memory_getMaxDefaultTypeAlign__E=0x1001c859
#        --define_symbol ti_sysbios_knl_Task_Object__get__S=0x1001bde9
#        --define_symbol ti_sysbios_family_arm_m3_Hwi_construct=0x1001af29
#        --define_symbol
#        ti_sysbios_knl_Clock_TimerProxy_Module__startupDone__S=0x1001c2a9
#        --define_symbol ti_sysbios_knl_Clock_Module_startup__E=0x1001bcc9
#        --define_symbol ti_sysbios_knl_Mailbox_construct=0x1001af81
#        --define_symbol ti_sysbios_knl_Task_construct=0x1001b125
#        --define_symbol xdc_runtime_Core_constructObject__I=0x1001c639
#        --define_symbol ti_sysbios_knl_Queue_dequeue__E=0x1001c1a9
#        --define_symbol ti_sysbios_knl_Task_Module_startup__E=0x1001adbd
#        --define_symbol
#        ti_sysbios_family_arm_cc26xx_Timer_getExpiredTicks__E=0x1001c251
#        --define_symbol ti_sysbios_family_arm_m3_Hwi_Object__get__S=0x1001b7c1
#        --define_symbol ti_sysbios_knl_Mailbox_destruct=0x1001c2c9
#        --define_symbol xdc_runtime_System_Module_startup__E=0x1001c87f
#        --define_symbol ti_sysbios_knl_Swi_postInit__I=0x1001c2ed
#        --define_symbol
#        ti_sysbios_family_arm_m3_Hwi_Module_startup__E=0x1001b1c1
#        --define_symbol ti_sysbios_gates_GateMutex_enter__E=0x1001b6a9
#        --define_symbol ti_sysbios_family_arm_m3_Hwi_setPriority__E=0x1001be85
#        --define_symbol ti_sysbios_knl_Queue_Object__get__S=0x1001bd69
#        --define_symbol ti_sysbios_knl_Clock_setTimeout__E=0x1001c2c1
#        --define_symbol ti_sysbios_knl_Task_swapReturn=0x1001ca71
#        --define_symbol ti_sysbios_family_arm_m3_TaskSupport_glue=0x1001ca59
#        --define_symbol
#        ti_sysbios_family_arm_m3_TaskSupport_buildTaskStack=0x1001c96d
#        --define_symbol
#        ti_sysbios_family_arm_m3_TaskSupport_swap__E=0x1001ca69
#        --define_symbol
#        ti_sysbios_family_arm_m3_Hwi_excHandlerAsm__I=0x1001ca01
#        --define_symbol ti_sysbios_family_arm_m3_Hwi_return=0x1001ca57
#        --define_symbol ti_sysbios_family_arm_m3_Hwi_pendSV__I=0x1001ca3f
#        --define_symbol ti_sysbios_family_arm_m3_Hwi_dispatch__I=0x1001c89d
#        --define_symbol ti_sysbios_family_xxx_Hwi_switchAndRunFunc=0x1001ca21
#        --define_symbol ti_sysbios_family_arm_m3_Hwi_initStacks__E=0x1001c9b9
#        --define_symbol
#        ti_sysbios_BIOS_RtsGateProxy_Object__delete__S=0x1001bab9
#        --define_symbol
#        ti_sysbios_BIOS_RtsGateProxy_Params__init__S=0x1001c179
#        --define_symbol
#        ti_sysbios_BIOS_RtsGateProxy_Handle__label__S=0x1001bc29
#        --define_symbol ti_sysbios_BIOS_RtsGateProxy_query__E=0x1001c275
#        --define_symbol ti_sysbios_knl_Clock_TimerProxy_startup__E=0x1001b795
#        --define_symbol ti_sysbios_hal_Hwi_disableInterrupt__E=0x1001c281
#        --define_symbol ti_sysbios_hal_Hwi_enableInterrupt__E=0x1001c285
#        --define_symbol ti_sysbios_hal_Hwi_getStackInfo__E=0x1001c289
#        --define_symbol ti_sysbios_hal_Hwi_startup__E=0x1001c28d
#        --define_symbol
#        ti_sysbios_hal_Hwi_HwiProxy_Object__delete__S=0x1001bba9
#        --define_symbol ti_sysbios_hal_Hwi_HwiProxy_Params__init__S=0x1001c13d
#        --define_symbol
#        ti_sysbios_heaps_HeapMem_Module_GateProxy_query__E=0x1001c275
#        --define_symbol
#        ti_sysbios_heaps_HeapMem_Module_GateProxy_Object__delete__S=0x1001bab9
#        --define_symbol
#        ti_sysbios_heaps_HeapMem_Module_GateProxy_Params__init__S=0x1001c179
#        --define_symbol
#        ti_sysbios_heaps_HeapMem_Module_GateProxy_Handle__label__S=0x1001bc29
#        --define_symbol xdc_runtime_Timestamp_SupportProxy_get64__E=0x1001b9d1
#        --define_symbol
#        xdc_runtime_Timestamp_SupportProxy_getFreq__E=0x1001c12f
#        --define_symbol xdc_runtime_Timestamp_get32__E=0x1001c831
#        --define_symbol xdc_runtime_Timestamp_get64__E=0x1001b9d1
#        --define_symbol xdc_runtime_Timestamp_getFreq__E=0x1001c12f
#        --define_symbol
#        xdc_runtime_Memory_HeapProxy_Object__delete__S=0x1001bca9
#        --define_symbol
#        xdc_runtime_Memory_HeapProxy_Handle__label__S=0x1001bc89
#        --define_symbol
#        xdc_runtime_System_Module_GateProxy_Object__delete__S=0x1001bc09
#        --define_symbol
#        xdc_runtime_System_Module_GateProxy_Handle__label__S=0x1001bbe9
#        --define_symbol
#        xdc_runtime_System_Module_GateProxy_query__E=0x1001c269
#        --define_symbol xdc_runtime_Startup__EXECFXN__C=1 --define_symbol
#        xdc_runtime_Startup__RESETFXN__C=1 --keep __ASM__ --keep __PLAT__
#        --keep __ISA__ --keep __TARG__ --keep __TRDR__) -f
#        C:\ti\simplelink\zstack_home_1_02_02a_44539\Projects\zstack\HomeAutomation\SampleTemperatureSensor\CC26xx\..\..\..\Core\Thread\CC26xx\Config\coreEndDevice.xcl
#        (--config_def ICALL_STACK0_ADDR=0x0000D000 --config_def
#        ICALL_RAM0_ADDR=0x200040E4 --config_def SNV_FIRST_PAGE=0x0000001D)
#        --semihosting
#        C:\ti\tirtos_simplelink_2_11_01_09\products\cc26xxware_2_20_06_14829/driverlib/bin/iar/driverlib.lib
#        C:\ti\simplelink\zstack_home_1_02_02a_44539\Projects\zstack\HomeAutomation\SampleTemperatureSensor\CC26xx\..\..\..\..\..\Projects\common\TIMAC_ROM_Release\03282014\timac_rom_PATCH.symbols
#        --entry __iar_program_start --vfe --enable_stack_usage
#
###############################################################################

*******************************************************************************
*** MESSAGES
***

Warning[Ls014]: [stack usage analysis] at least one function does not have
          stack usage information. Example: "mMULT". A complete list of such
          functions is in the map file.
Warning[Ls016]: [stack usage analysis] the program contains at least one
          indirect call. Example: from "SafeHapiAuxAdiSelect". A complete list
          of such functions is in the map file.
Warning[Ls017]: [stack usage analysis] the program contains at least one
          instance of recursion for which stack usage analysis has not been
          able to calculate a maximum stack depth. One function involved is
          "ti_sysbios_family_arm_cc26xx_Power_setDependency__E". A complete
          list of all recursion nests is in the map file.


*******************************************************************************
*** RUNTIME MODEL ATTRIBUTES
***

CppFlavor       = *
__SystemLibrary = DLib


*******************************************************************************
*** RESERVED RANGES
***

Ranges reserved by absolute symbols:
   [0x1000e000-0x1000e003]
   [0x1000e004-0x10013c73]
   [0x10013c74-0x10014bfb]
   [0x10014bfc-0x10014bfd]
   [0x10014bfe-0x10014bff]
   [0x10018cf9-0x10018d00]
   [0x20000000-0x200000c7]
   [0x20000430-0x2000043f]
   [0x20000440-0x2000044f]
   [0x20000500-0x2000050f]
   [0x20000510-0x2000051f]
   [0x20004a14-0x20004a27]
   [0x20004a28-0x20004ac3]
   [0x20004ac4-0x20004eff]


*******************************************************************************
*** PLACEMENT SUMMARY
***

"A0":  place at start of [0x0001ffac-0x0001ffff] { ro section .ccfg };
"A1":  place at 0x00000000 { ro section .intvec };
"A3":  place at end of [0x20000000-0x200040e3] { block CSTACK };
"P1":  place in [from 0x20000000 to 0x200040e3] { block HEAP };
"P3":  place in [from 0x20000000 to 0x200040e3] { rw };
"P2":  place in [from 0x00000000 to 0x0000cfff] { ro };
"A4":  place at 0x0000058c { ro section .const_xdc_runtime_Error_policy__C };
"A5":  place at 0x00000538 {
          ro section .const_xdc_runtime_IModule_Interface__BASE__C };
"A6":  place at 0x0000051c { ro section .const_xdc_runtime_Startup_lastFxns__C };
"A7":  place at 0x00000310 {
          ro section .const_ti_sysbios_gates_GateMutex_Object__DESC__C };
"A8":  place at 0x000005ac {
          ro section .const_ti_sysbios_rom_ROM_ti_sysbios_family_arm_cc26xx_Timer_initDevice__I };
"A9":  place at 0x0000054c { ro section .const_xdc_runtime_Startup_execImpl__C };
"A10": place at 0x000005cc {
          ro section .const_ti_sysbios_gates_GateMutex_Instance_State_sem__O };
"A11": place at 0x000005a8 {
          ro section .const_ti_sysbios_rom_ROM_ti_sysbios_family_arm_cc26xx_Timer_getMaxTicks__E };
"A12": place at 0x000004dc {
          ro section .const_ti_sysbios_knl_Swi_Object__count__C };
"A13": place at 0x00000478 { ro section .const_ti_sysbios_knl_Idle_funcList__C };
"A14": place at 0x00000170 {
          ro section .const_ti_sysbios_family_arm_m3_Hwi_Object__PARAMS__C };
"A15": place at 0x0000058a { ro section .const_xdc_runtime_Text_isLoaded__C };
"A16": place at 0x00000370 {
          ro section .const_ti_sysbios_knl_Clock_Object__DESC__C };
"A17": place at 0x00000480 {
          ro section .const_ti_sysbios_family_arm_cc26xx_Boot_alternateBackdoorIOID__C };
"A18": place at 0x000005d4 {
          ro section .const_ti_sysbios_knl_Mailbox_Instance_State_dataQue__O };
"A19": place at 0x00000240 {
          ro section .const_ti_sysbios_gates_GateMutex_Module__FXNS__C };
"A20": place at 0x000005e8 {
          ro section .const_ti_sysbios_knl_Task_Module_State_inactiveQ__O };
"A21": place at 0x00000506 {
          ro section .const_ti_sysbios_family_arm_m3_Hwi_Module__id__C };
"A22": place at 0x00000502 {
          ro section .const_ti_sysbios_family_arm_cc26xx_Timer_Module__id__C };
"A23": place at 0x000004d0 {
          ro section .const_ti_sysbios_knl_Mailbox_Object__table__C };
"A24": place at 0x00000498 {
          ro section .const_ti_sysbios_family_arm_m3_Hwi_Object__table__C };
"A25": place at 0x000003f0 {
          ro section .const_ti_sysbios_knl_Swi_Object__DESC__C };
"A26": place at 0x00000588 { ro section .const_xdc_runtime_Text_charCnt__C };
"A27": place at 0x000005b8 {
          ro section .const_ti_sysbios_rom_ROM_ti_sysbios_family_arm_cc26xx_Timer_start__E };
"A28": place at 0x000004c0 {
          ro section .const_ti_sysbios_heaps_HeapMem_Object__table__C };
"A29": place at 0x0000052c { ro section .const_xdc_runtime_Error_policyFxn__C };
"A30": place at 0x000005a0 {
          ro section .const_ti_sysbios_rom_ROM_ti_sysbios_family_arm_cc26xx_Timer_getCount64__E };
"A31": place at 0x00000514 {
          ro section .const_xdc_runtime_Startup_firstFxns__C };
"A32": place at 0x000001f4 {
          ro section .const_ti_sysbios_knl_Swi_Object__PARAMS__C };
"A33": place at 0x000004c8 {
          ro section .const_ti_sysbios_knl_Clock_serviceMargin__C };
"A34": place at 0x00000574 { ro section .const_xdc_runtime_Text_charTab__C };
"A35": place at 0x00000598 {
          ro section .const_ti_sysbios_rom_ROM_AONRTCCurrentCompareValueGet };
"A36": place at 0x000005bc {
          ro section .const_ti_sysbios_rom_ROM_ti_sysbios_family_arm_cc26xx_TimestampProvider_get32__E };
"A37": place at 0x000005a4 {
          ro section .const_ti_sysbios_rom_ROM_ti_sysbios_family_arm_cc26xx_Timer_getCurrentTick__E };
"A38": place at 0x000004b0 {
          ro section .const_ti_sysbios_family_arm_m3_TaskSupport_stackAlignment__C };
"A39": place at 0x00000490 {
          ro section .const_ti_sysbios_family_arm_m3_Hwi_NUM_INTERRUPTS__C };
"A40": place at 0x00000544 {
          ro section .const_xdc_runtime_Main_Module__diagsMask__C };
"A41": place at 0x000004e0 {
          ro section .const_ti_sysbios_knl_Swi_Object__table__C };
"A42": place at 0x00000500 {
          ro section .const_ti_sysbios_family_arm_cc26xx_Boot_overrideDefaultBackdoorIOID__C };
"A43": place at 0x00000586 {
          ro section .const_xdc_runtime_Memory_Module__id__C };
"A44": place at 0x00000100 {
          ro section .const_ti_sysbios_knl_Task_Object__PARAMS__C };
"A45": place at 0x00000448 {
          ro section .const_ti_sysbios_gates_GateMutex_Object__PARAMS__C };
"A46": place at 0x000004b8 {
          ro section .const_ti_sysbios_heaps_HeapMem_Module__gateObj__C };
"A47": place at 0x00000484 {
          ro section .const_ti_sysbios_family_arm_cc26xx_Timer_startupNeeded__C };
"A48": place at 0x000003b0 {
          ro section .const_ti_sysbios_knl_Queue_Object__DESC__C };
"A49": place at 0x00000410 {
          ro section .const_ti_sysbios_knl_Task_Object__DESC__C };
"A50": place at 0x00000524 {
          ro section .const_xdc_runtime_Assert_E_assertFailed__C };
"A51": place at 0x00000264 {
          ro section .const_ti_sysbios_heaps_HeapMem_Object__PARAMS__C };
"A52": place at 0x00000508 {
          ro section .const_ti_sysbios_gates_GateHwi_Module__id__C };
"A53": place at 0x00000430 {
          ro section .const_ti_sysbios_gates_GateHwi_Object__PARAMS__C };
"A54": place at 0x00000534 {
          ro section .const_xdc_runtime_IHeap_Interface__BASE__C };
"A55": place at 0x00000564 {
          ro section .const_xdc_runtime_SysCallback_exitFxn__C };
"A56": place at 0x0000050c {
          ro section .const_ti_sysbios_heaps_HeapMem_Module__id__C };
"A57": place at 0x000004a0 {
          ro section .const_ti_sysbios_family_arm_m3_Hwi_excHandlerFunc__C };
"A58": place at 0x000001cc {
          ro section .const_ti_sysbios_heaps_HeapMem_Module__FXNS__C };
"A59": place at 0x00000570 {
          ro section .const_xdc_runtime_System_maxAtexitHandlers__C };
"A60": place at 0x000004d4 {
          ro section .const_ti_sysbios_knl_Queue_Object__count__C };
"A61": place at 0x000004ec {
          ro section .const_ti_sysbios_knl_Task_Object__table__C };
"A62": place at 0x00000390 {
          ro section .const_ti_sysbios_knl_Mailbox_Object__DESC__C };
"A63": place at 0x000004a4 {
          ro section .const_ti_sysbios_family_arm_m3_Hwi_nullIsrFunc__C };
"A64": place at 0x00000510 {
          ro section .const_ti_sysbios_knl_Clock_tickMode__C };
"A65": place at 0x0000050a {
          ro section .const_ti_sysbios_gates_GateMutex_Module__id__C };
"A66": place at 0x000004e4 {
          ro section .const_ti_sysbios_knl_Swi_numPriorities__C };
"A67": place at 0x000004fc {
          ro section .const_ti_sysbios_knl_Task_numConstructedTasks__C };
"A68": place at 0x00000550 {
          ro section .const_xdc_runtime_Startup_maxPasses__C };
"A69": place at 0x0000059c {
          ro section .const_ti_sysbios_rom_ROM_AONRTCEventClear };
"A70": place at 0x0000050e {
          ro section .const_ti_sysbios_knl_Task_initStackFlag__C };
"A71": place at 0x0000053c {
          ro section .const_xdc_runtime_Main_Module__diagsEnabled__C };
"A72": place at 0x00000540 {
          ro section .const_xdc_runtime_Main_Module__diagsIncluded__C };
"A73": place at 0x00000568 { ro section .const_xdc_runtime_System_abortFxn__C };
"A74": place at 0x000005d8 {
          ro section .const_ti_sysbios_knl_Mailbox_Instance_State_dataSem__O };
"A75": place at 0x0000021c {
          ro section .const_ti_sysbios_gates_GateHwi_Module__FXNS__C };
"A76": place at 0x00000330 {
          ro section .const_ti_sysbios_hal_Hwi_Object__DESC__C };
"A77": place at 0x000004ac {
          ro section .const_ti_sysbios_family_arm_m3_Hwi_priGroup__C };
"A78": place at 0x00000528 { ro section .const_xdc_runtime_Error_E_memory__C };
"A79": place at 0x00000488 {
          ro section .const_ti_sysbios_family_arm_m3_Hwi_E_alreadyDefined__C };
"A80": place at 0x000005e0 {
          ro section .const_ti_sysbios_knl_Mailbox_Instance_State_freeSem__O };
"A81": place at 0x000004d8 {
          ro section .const_ti_sysbios_knl_Queue_Object__table__C };
"A82": place at 0x000002ac {
          ro section .const_ti_sysbios_knl_Semaphore_Object__PARAMS__C };
"A83": place at 0x0000056c { ro section .const_xdc_runtime_System_exitFxn__C };
"A84": place at 0x00000288 {
          ro section .const_ti_sysbios_knl_Clock_Object__PARAMS__C };
"A85": place at 0x00000594 {
          ro section .const_ti_sysbios_rom_ROM_AONRTCCompareValueSet };
"A86": place at 0x000005b0 {
          ro section .const_ti_sysbios_rom_ROM_ti_sysbios_family_arm_cc26xx_Timer_setNextTick__E };
"A87": place at 0x000004c4 {
          ro section .const_ti_sysbios_heaps_HeapMem_reqAlign__C };
"A88": place at 0x00000584 { ro section .const_xdc_runtime_Main_Module__id__C };
"A89": place at 0x00000554 { ro section .const_xdc_runtime_Startup_sfxnRts__C };
"A90": place at 0x000003d0 {
          ro section .const_ti_sysbios_knl_Semaphore_Object__DESC__C };
"A91": place at 0x000002f0 {
          ro section .const_ti_sysbios_gates_GateHwi_Object__DESC__C };
"A92": place at 0x000004bc {
          ro section .const_ti_sysbios_heaps_HeapMem_Object__count__C };
"A93": place at 0x000004a8 {
          ro section .const_ti_sysbios_family_arm_m3_Hwi_numSparseInterrupts__C };
"A94": place at 0x00000504 {
          ro section .const_ti_sysbios_family_arm_cc26xx_TimestampProvider_useClockTimer__C };
"A95": place at 0x000005c8 {
          ro section .const_ti_sysbios_rom_ROM_xdc_runtime_System_SupportProxy_exit__E };
"A96": place at 0x00000460 {
          ro section .const_ti_sysbios_knl_Queue_Object__PARAMS__C };
"A97": place at 0x000004f0 {
          ro section .const_ti_sysbios_knl_Task_allBlockedFunc__C };
"A98": place at 0x000005c4 {
          ro section .const_ti_sysbios_rom_ROM_xdc_runtime_System_SupportProxy_abort__E };
"A99": place at 0x000004cc {
          ro section .const_ti_sysbios_knl_Mailbox_Object__count__C };
"A100":
       place at 0x0000057c { ro section .const_xdc_runtime_Text_nameStatic__C };
"A101":
       place at 0x000005c0 {
          ro section .const_ti_sysbios_rom_ROM_xdc_runtime_Startup_getState__I };
"A102":
       place at 0x000005d0 {
          ro section .const_ti_sysbios_knl_Clock_Module_State_clockQ__O };
"A103":
       place at 0x000004f8 {
          ro section .const_ti_sysbios_knl_Task_defaultStackSize__C };
"A104":
       place at 0x00000530 {
          ro section .const_xdc_runtime_IGateProvider_Interface__BASE__C };
"A105":
       place at 0x0000048c {
          ro section .const_ti_sysbios_family_arm_m3_Hwi_E_hwiLimitExceeded__C };
"A106":
       place at 0x0000055c {
          ro section .const_xdc_runtime_Startup_startModsFxn__C };
"A107":
       place at 0x000005e4 {
          ro section .const_ti_sysbios_knl_Semaphore_Instance_State_pendQ__O };
"A108":
       place at 0x000002d0 {
          ro section .const_ti_sysbios_family_arm_m3_Hwi_Object__DESC__C };
"A109":
       place at 0x00000578 { ro section .const_xdc_runtime_Text_nameEmpty__C };
"A110":
       place at 0x00000494 {
          ro section .const_ti_sysbios_family_arm_m3_Hwi_Object__count__C };
"A111":
       place at 0x00000560 {
          ro section .const_xdc_runtime_SysCallback_abortFxn__C };
"A112":
       place at 0x000004f4 {
          ro section .const_ti_sysbios_knl_Task_defaultStackHeap__C };
"A113":
       place at 0x0000049c {
          ro section .const_ti_sysbios_family_arm_m3_Hwi_ccr__C };
"A114":
       place at 0x0000013c {
          ro section .const_ti_sysbios_knl_Mailbox_Object__PARAMS__C };
"A115":
       place at 0x000001a0 {
          ro section .const_ti_sysbios_hal_Hwi_Object__PARAMS__C };
"A116":
       place at 0x000004b4 {
          ro section .const_ti_sysbios_heaps_HeapMem_E_memory__C };
"A117":
       place at 0x000004e8 {
          ro section .const_ti_sysbios_knl_Task_Object__count__C };
"A118":
       place at 0x00000590 {
          ro section .const_ti_sysbios_rom_ROM_AONRTCChannelEnable };
"A119":
       place at 0x00000350 {
          ro section .const_ti_sysbios_heaps_HeapMem_Object__DESC__C };
"A120":
       place at 0x00000580 { ro section .const_xdc_runtime_Text_nameUnknown__C };
"A121":
       place at 0x00000548 {
          ro section .const_xdc_runtime_Memory_defaultHeapInstance__C };
"A122":
       place at 0x000005dc {
          ro section .const_ti_sysbios_knl_Mailbox_Instance_State_freeQue__O };
"A123":
       place at 0x000005b4 {
          ro section .const_ti_sysbios_rom_ROM_ti_sysbios_family_arm_cc26xx_Timer_setThreshold__I };
"A124":
       place at 0x00000558 { ro section .const_xdc_runtime_Startup_sfxnTab__C };
"A125":
       place at 0x20000178 {
          rw section .data_ti_sysbios_knl_Clock_Module__state__V };
"A126":
       place at 0x200001ec {
          rw section .data_ti_sysbios_family_arm_cc26xx_TimestampProvider_Module__state__V };
"A127":
       place at 0x200001f0 {
          rw section .data_xdc_runtime_Startup_Module__state__V };
"A128":
       place at 0x200001a4 { rw section .data_ti_sysbios_BIOS_Module__state__V };
"A129":
       place at 0x200001c8 {
          rw section .data_ti_sysbios_knl_Swi_Module__state__V };
"A130":
       place at 0x20000100 {
          rw section .data_ti_sysbios_knl_Task_Module__state__V };
"A131":
       place at 0x20000200 {
          rw section .data_xdc_runtime_Memory_Module__state__V };
"A132":
       place at 0x200001f8 {
          rw section .data_xdc_runtime_System_Module__state__V };
"A133":
       place at 0x20000144 {
          rw section .data_ti_sysbios_family_arm_m3_Hwi_Module__state__V };
"A134":
       place at 0x200001e4 {
          rw section .data_ti_sysbios_family_arm_cc26xx_Timer_Module__state__V };
initialize by copy { rw };
 { ro section .ccfg };
 { ro section .intvec };

  Section                 Kind        Address    Size  Object
  -------                 ----        -------    ----  ------
"A1":                                            0x3c
  .intvec                 const    0x00000000    0x3c  app_prm3.orm3 [3]
                                 - 0x0000003c    0x3c

"P2", part 1 of 3:                               0xc0
  .const_ti_sysbios_family_arm_cc26xx_Power_enableVCOLDOPG2__C
                          const    0x0000003c     0x2  app_prm3.orm3 [3]
  .text                   ro code  0x00000040     0x6  ABImemclr4.o [10]
  .rodata                 const    0x00000046     0x2  tempsensor.o [2]
  .text                   ro code  0x00000048    0x66  ABImemset.o [10]
  .rodata                 const    0x000000ae     0x2  tempsensor.o [2]
  .rodata                 const    0x000000b0     0x2  tempsensor.o [2]
  .const_xdc_runtime_Text_charTab__A
                          const    0x000000b2     0x1  app_prm3.orm3 [3]
  .rodata                 const    0x000000b3     0x1  ICallCC2650.o [2]
  .rodata                 const    0x000000b4     0x1  tempsensor.o [2]
  .rodata                 const    0x000000b5     0x1  tempsensor.o [2]
  .text                   ro code  0x000000b8     0x6  ABImemclr.o [10]
  .text                   ro code  0x000000be    0x1c  strcat.o [6]
  .text                   ro code  0x000000dc     0x2  I64DivZer.o [10]
  .text                   ro code  0x000000de     0x4  low_level_init.o [6]
  .rodata                 const    0x000000e4     0xc  Board.o [2]
  .rodata                 const    0x000000f0     0x8  Board.o [2]
  .const_ti_sysbios_family_arm_cc26xx_Power_Module_State_clockObj__O
                          const    0x000000f8     0x4  app_prm3.orm3 [3]
                                 - 0x000000fc    0xc0

"A44":                                           0x3c
  .const_ti_sysbios_knl_Task_Object__PARAMS__C
                          const    0x00000100    0x3c  app_prm3.orm3 [3]
                                 - 0x0000013c    0x3c

"A114":                                          0x34
  .const_ti_sysbios_knl_Mailbox_Object__PARAMS__C
                          const    0x0000013c    0x34  app_prm3.orm3 [3]
                                 - 0x00000170    0x34

"A14":                                           0x30
  .const_ti_sysbios_family_arm_m3_Hwi_Object__PARAMS__C
                          const    0x00000170    0x30  app_prm3.orm3 [3]
                                 - 0x000001a0    0x30

"A115":                                          0x2c
  .const_ti_sysbios_hal_Hwi_Object__PARAMS__C
                          const    0x000001a0    0x2c  app_prm3.orm3 [3]
                                 - 0x000001cc    0x2c

"A58":                                           0x28
  .const_ti_sysbios_heaps_HeapMem_Module__FXNS__C
                          const    0x000001cc    0x28  app_prm3.orm3 [3]
                                 - 0x000001f4    0x28

"A32":                                           0x28
  .const_ti_sysbios_knl_Swi_Object__PARAMS__C
                          const    0x000001f4    0x28  app_prm3.orm3 [3]
                                 - 0x0000021c    0x28

"A75":                                           0x24
  .const_ti_sysbios_gates_GateHwi_Module__FXNS__C
                          const    0x0000021c    0x24  app_prm3.orm3 [3]
                                 - 0x00000240    0x24

"A19":                                           0x24
  .const_ti_sysbios_gates_GateMutex_Module__FXNS__C
                          const    0x00000240    0x24  app_prm3.orm3 [3]
                                 - 0x00000264    0x24

"A51":                                           0x24
  .const_ti_sysbios_heaps_HeapMem_Object__PARAMS__C
                          const    0x00000264    0x24  app_prm3.orm3 [3]
                                 - 0x00000288    0x24

"A84":                                           0x24
  .const_ti_sysbios_knl_Clock_Object__PARAMS__C
                          const    0x00000288    0x24  app_prm3.orm3 [3]
                                 - 0x000002ac    0x24

"A82":                                           0x24
  .const_ti_sysbios_knl_Semaphore_Object__PARAMS__C
                          const    0x000002ac    0x24  app_prm3.orm3 [3]
                                 - 0x000002d0    0x24

"A108":                                          0x20
  .const_ti_sysbios_family_arm_m3_Hwi_Object__DESC__C
                          const    0x000002d0    0x20  app_prm3.orm3 [3]
                                 - 0x000002f0    0x20

"A91":                                           0x20
  .const_ti_sysbios_gates_GateHwi_Object__DESC__C
                          const    0x000002f0    0x20  app_prm3.orm3 [3]
                                 - 0x00000310    0x20

"A7":                                            0x20
  .const_ti_sysbios_gates_GateMutex_Object__DESC__C
                          const    0x00000310    0x20  app_prm3.orm3 [3]
                                 - 0x00000330    0x20

"A76":                                           0x20
  .const_ti_sysbios_hal_Hwi_Object__DESC__C
                          const    0x00000330    0x20  app_prm3.orm3 [3]
                                 - 0x00000350    0x20

"A119":                                          0x20
  .const_ti_sysbios_heaps_HeapMem_Object__DESC__C
                          const    0x00000350    0x20  app_prm3.orm3 [3]
                                 - 0x00000370    0x20

"A16":                                           0x20
  .const_ti_sysbios_knl_Clock_Object__DESC__C
                          const    0x00000370    0x20  app_prm3.orm3 [3]
                                 - 0x00000390    0x20

"A62":                                           0x20
  .const_ti_sysbios_knl_Mailbox_Object__DESC__C
                          const    0x00000390    0x20  app_prm3.orm3 [3]
                                 - 0x000003b0    0x20

"A48":                                           0x20
  .const_ti_sysbios_knl_Queue_Object__DESC__C
                          const    0x000003b0    0x20  app_prm3.orm3 [3]
                                 - 0x000003d0    0x20

"A90":                                           0x20
  .const_ti_sysbios_knl_Semaphore_Object__DESC__C
                          const    0x000003d0    0x20  app_prm3.orm3 [3]
                                 - 0x000003f0    0x20

"A25":                                           0x20
  .const_ti_sysbios_knl_Swi_Object__DESC__C
                          const    0x000003f0    0x20  app_prm3.orm3 [3]
                                 - 0x00000410    0x20

"A49":                                           0x20
  .const_ti_sysbios_knl_Task_Object__DESC__C
                          const    0x00000410    0x20  app_prm3.orm3 [3]
                                 - 0x00000430    0x20

"A53":                                           0x18
  .const_ti_sysbios_gates_GateHwi_Object__PARAMS__C
                          const    0x00000430    0x18  app_prm3.orm3 [3]
                                 - 0x00000448    0x18

"A45":                                           0x18
  .const_ti_sysbios_gates_GateMutex_Object__PARAMS__C
                          const    0x00000448    0x18  app_prm3.orm3 [3]
                                 - 0x00000460    0x18

"A96":                                           0x18
  .const_ti_sysbios_knl_Queue_Object__PARAMS__C
                          const    0x00000460    0x18  app_prm3.orm3 [3]
                                 - 0x00000478    0x18

"A13":                                            0x8
  .const_ti_sysbios_knl_Idle_funcList__C
                          const    0x00000478     0x8  app_prm3.orm3 [3]
                                 - 0x00000480     0x8

"A17":                                            0x4
  .const_ti_sysbios_family_arm_cc26xx_Boot_alternateBackdoorIOID__C
                          const    0x00000480     0x4  app_prm3.orm3 [3]
                                 - 0x00000484     0x4

"A47":                                            0x4
  .const_ti_sysbios_family_arm_cc26xx_Timer_startupNeeded__C
                          const    0x00000484     0x4  app_prm3.orm3 [3]
                                 - 0x00000488     0x4

"A79":                                            0x4
  .const_ti_sysbios_family_arm_m3_Hwi_E_alreadyDefined__C
                          const    0x00000488     0x4  app_prm3.orm3 [3]
                                 - 0x0000048c     0x4

"A105":                                           0x4
  .const_ti_sysbios_family_arm_m3_Hwi_E_hwiLimitExceeded__C
                          const    0x0000048c     0x4  app_prm3.orm3 [3]
                                 - 0x00000490     0x4

"A39":                                            0x4
  .const_ti_sysbios_family_arm_m3_Hwi_NUM_INTERRUPTS__C
                          const    0x00000490     0x4  app_prm3.orm3 [3]
                                 - 0x00000494     0x4

"A110":                                           0x4
  .const_ti_sysbios_family_arm_m3_Hwi_Object__count__C
                          const    0x00000494     0x4  app_prm3.orm3 [3]
                                 - 0x00000498     0x4

"A24":                                            0x4
  .const_ti_sysbios_family_arm_m3_Hwi_Object__table__C
                          const    0x00000498     0x4  app_prm3.orm3 [3]
                                 - 0x0000049c     0x4

"A113":                                           0x4
  .const_ti_sysbios_family_arm_m3_Hwi_ccr__C
                          const    0x0000049c     0x4  app_prm3.orm3 [3]
                                 - 0x000004a0     0x4

"A57":                                            0x4
  .const_ti_sysbios_family_arm_m3_Hwi_excHandlerFunc__C
                          const    0x000004a0     0x4  app_prm3.orm3 [3]
                                 - 0x000004a4     0x4

"A63":                                            0x4
  .const_ti_sysbios_family_arm_m3_Hwi_nullIsrFunc__C
                          const    0x000004a4     0x4  app_prm3.orm3 [3]
                                 - 0x000004a8     0x4

"A93":                                            0x4
  .const_ti_sysbios_family_arm_m3_Hwi_numSparseInterrupts__C
                          const    0x000004a8     0x4  app_prm3.orm3 [3]
                                 - 0x000004ac     0x4

"A77":                                            0x4
  .const_ti_sysbios_family_arm_m3_Hwi_priGroup__C
                          const    0x000004ac     0x4  app_prm3.orm3 [3]
                                 - 0x000004b0     0x4

"A38":                                            0x4
  .const_ti_sysbios_family_arm_m3_TaskSupport_stackAlignment__C
                          const    0x000004b0     0x4  app_prm3.orm3 [3]
                                 - 0x000004b4     0x4

"A116":                                           0x4
  .const_ti_sysbios_heaps_HeapMem_E_memory__C
                          const    0x000004b4     0x4  app_prm3.orm3 [3]
                                 - 0x000004b8     0x4

"A46":                                            0x4
  .const_ti_sysbios_heaps_HeapMem_Module__gateObj__C
                          const    0x000004b8     0x4  app_prm3.orm3 [3]
                                 - 0x000004bc     0x4

"A92":                                            0x4
  .const_ti_sysbios_heaps_HeapMem_Object__count__C
                          const    0x000004bc     0x4  app_prm3.orm3 [3]
                                 - 0x000004c0     0x4

"A28":                                            0x4
  .const_ti_sysbios_heaps_HeapMem_Object__table__C
                          const    0x000004c0     0x4  app_prm3.orm3 [3]
                                 - 0x000004c4     0x4

"A87":                                            0x4
  .const_ti_sysbios_heaps_HeapMem_reqAlign__C
                          const    0x000004c4     0x4  app_prm3.orm3 [3]
                                 - 0x000004c8     0x4

"A33":                                            0x4
  .const_ti_sysbios_knl_Clock_serviceMargin__C
                          const    0x000004c8     0x4  app_prm3.orm3 [3]
                                 - 0x000004cc     0x4

"A99":                                            0x4
  .const_ti_sysbios_knl_Mailbox_Object__count__C
                          const    0x000004cc     0x4  app_prm3.orm3 [3]
                                 - 0x000004d0     0x4

"A23":                                            0x4
  .const_ti_sysbios_knl_Mailbox_Object__table__C
                          const    0x000004d0     0x4  app_prm3.orm3 [3]
                                 - 0x000004d4     0x4

"A60":                                            0x4
  .const_ti_sysbios_knl_Queue_Object__count__C
                          const    0x000004d4     0x4  app_prm3.orm3 [3]
                                 - 0x000004d8     0x4

"A81":                                            0x4
  .const_ti_sysbios_knl_Queue_Object__table__C
                          const    0x000004d8     0x4  app_prm3.orm3 [3]
                                 - 0x000004dc     0x4

"A12":                                            0x4
  .const_ti_sysbios_knl_Swi_Object__count__C
                          const    0x000004dc     0x4  app_prm3.orm3 [3]
                                 - 0x000004e0     0x4

"A41":                                            0x4
  .const_ti_sysbios_knl_Swi_Object__table__C
                          const    0x000004e0     0x4  app_prm3.orm3 [3]
                                 - 0x000004e4     0x4

"A66":                                            0x4
  .const_ti_sysbios_knl_Swi_numPriorities__C
                          const    0x000004e4     0x4  app_prm3.orm3 [3]
                                 - 0x000004e8     0x4

"A117":                                           0x4
  .const_ti_sysbios_knl_Task_Object__count__C
                          const    0x000004e8     0x4  app_prm3.orm3 [3]
                                 - 0x000004ec     0x4

"A61":                                            0x4
  .const_ti_sysbios_knl_Task_Object__table__C
                          const    0x000004ec     0x4  app_prm3.orm3 [3]
                                 - 0x000004f0     0x4

"A97":                                            0x4
  .const_ti_sysbios_knl_Task_allBlockedFunc__C
                          const    0x000004f0     0x4  app_prm3.orm3 [3]
                                 - 0x000004f4     0x4

"A112":                                           0x4
  .const_ti_sysbios_knl_Task_defaultStackHeap__C
                          const    0x000004f4     0x4  app_prm3.orm3 [3]
                                 - 0x000004f8     0x4

"A103":                                           0x4
  .const_ti_sysbios_knl_Task_defaultStackSize__C
                          const    0x000004f8     0x4  app_prm3.orm3 [3]
                                 - 0x000004fc     0x4

"A67":                                            0x4
  .const_ti_sysbios_knl_Task_numConstructedTasks__C
                          const    0x000004fc     0x4  app_prm3.orm3 [3]
                                 - 0x00000500     0x4

"A42":                                            0x2
  .const_ti_sysbios_family_arm_cc26xx_Boot_overrideDefaultBackdoorIOID__C
                          const    0x00000500     0x2  app_prm3.orm3 [3]
                                 - 0x00000502     0x2

"A22":                                            0x2
  .const_ti_sysbios_family_arm_cc26xx_Timer_Module__id__C
                          const    0x00000502     0x2  app_prm3.orm3 [3]
                                 - 0x00000504     0x2

"A94":                                            0x2
  .const_ti_sysbios_family_arm_cc26xx_TimestampProvider_useClockTimer__C
                          const    0x00000504     0x2  app_prm3.orm3 [3]
                                 - 0x00000506     0x2

"A21":                                            0x2
  .const_ti_sysbios_family_arm_m3_Hwi_Module__id__C
                          const    0x00000506     0x2  app_prm3.orm3 [3]
                                 - 0x00000508     0x2

"A52":                                            0x2
  .const_ti_sysbios_gates_GateHwi_Module__id__C
                          const    0x00000508     0x2  app_prm3.orm3 [3]
                                 - 0x0000050a     0x2

"A65":                                            0x2
  .const_ti_sysbios_gates_GateMutex_Module__id__C
                          const    0x0000050a     0x2  app_prm3.orm3 [3]
                                 - 0x0000050c     0x2

"A56":                                            0x2
  .const_ti_sysbios_heaps_HeapMem_Module__id__C
                          const    0x0000050c     0x2  app_prm3.orm3 [3]
                                 - 0x0000050e     0x2

"A70":                                            0x2
  .const_ti_sysbios_knl_Task_initStackFlag__C
                          const    0x0000050e     0x2  app_prm3.orm3 [3]
                                 - 0x00000510     0x2

"A64":                                            0x1
  .const_ti_sysbios_knl_Clock_tickMode__C
                          const    0x00000510     0x1  app_prm3.orm3 [3]
                                 - 0x00000511     0x1

"P2", part 2 of 3:                                0x1
  .rodata                 const    0x00000511     0x1  tempsensor.o [2]
  .rodata                 const    0x00000512     0x0  zero_init3.o [10]
  .rodata                 const    0x00000512     0x0  lz77_init_single.o [10]
                                 - 0x00000512     0x1

"A31":                                            0x8
  .const_xdc_runtime_Startup_firstFxns__C
                          const    0x00000514     0x8  app_prm3.orm3 [3]
                                 - 0x0000051c     0x8

"A6":                                             0x8
  .const_xdc_runtime_Startup_lastFxns__C
                          const    0x0000051c     0x8  app_prm3.orm3 [3]
                                 - 0x00000524     0x8

"A50":                                            0x4
  .const_xdc_runtime_Assert_E_assertFailed__C
                          const    0x00000524     0x4  app_prm3.orm3 [3]
                                 - 0x00000528     0x4

"A78":                                            0x4
  .const_xdc_runtime_Error_E_memory__C
                          const    0x00000528     0x4  app_prm3.orm3 [3]
                                 - 0x0000052c     0x4

"A29":                                            0x4
  .const_xdc_runtime_Error_policyFxn__C
                          const    0x0000052c     0x4  app_prm3.orm3 [3]
                                 - 0x00000530     0x4

"A104":                                           0x4
  .const_xdc_runtime_IGateProvider_Interface__BASE__C
                          const    0x00000530     0x4  app_prm3.orm3 [3]
                                 - 0x00000534     0x4

"A54":                                            0x4
  .const_xdc_runtime_IHeap_Interface__BASE__C
                          const    0x00000534     0x4  app_prm3.orm3 [3]
                                 - 0x00000538     0x4

"A5":                                             0x4
  .const_xdc_runtime_IModule_Interface__BASE__C
                          const    0x00000538     0x4  app_prm3.orm3 [3]
                                 - 0x0000053c     0x4

"A71":                                            0x4
  .const_xdc_runtime_Main_Module__diagsEnabled__C
                          const    0x0000053c     0x4  app_prm3.orm3 [3]
                                 - 0x00000540     0x4

"A72":                                            0x4
  .const_xdc_runtime_Main_Module__diagsIncluded__C
                          const    0x00000540     0x4  app_prm3.orm3 [3]
                                 - 0x00000544     0x4

"A40":                                            0x4
  .const_xdc_runtime_Main_Module__diagsMask__C
                          const    0x00000544     0x4  app_prm3.orm3 [3]
                                 - 0x00000548     0x4

"A121":                                           0x4
  .const_xdc_runtime_Memory_defaultHeapInstance__C
                          const    0x00000548     0x4  app_prm3.orm3 [3]
                                 - 0x0000054c     0x4

"A9":                                             0x4
  .const_xdc_runtime_Startup_execImpl__C
                          const    0x0000054c     0x4  app_prm3.orm3 [3]
                                 - 0x00000550     0x4

"A68":                                            0x4
  .const_xdc_runtime_Startup_maxPasses__C
                          const    0x00000550     0x4  app_prm3.orm3 [3]
                                 - 0x00000554     0x4

"A89":                                            0x4
  .const_xdc_runtime_Startup_sfxnRts__C
                          const    0x00000554     0x4  app_prm3.orm3 [3]
                                 - 0x00000558     0x4

"A124":                                           0x4
  .const_xdc_runtime_Startup_sfxnTab__C
                          const    0x00000558     0x4  app_prm3.orm3 [3]
                                 - 0x0000055c     0x4

"A106":                                           0x4
  .const_xdc_runtime_Startup_startModsFxn__C
                          const    0x0000055c     0x4  app_prm3.orm3 [3]
                                 - 0x00000560     0x4

"A111":                                           0x4
  .const_xdc_runtime_SysCallback_abortFxn__C
                          const    0x00000560     0x4  app_prm3.orm3 [3]
                                 - 0x00000564     0x4

"A55":                                            0x4
  .const_xdc_runtime_SysCallback_exitFxn__C
                          const    0x00000564     0x4  app_prm3.orm3 [3]
                                 - 0x00000568     0x4

"A73":                                            0x4
  .const_xdc_runtime_System_abortFxn__C
                          const    0x00000568     0x4  app_prm3.orm3 [3]
                                 - 0x0000056c     0x4

"A83":                                            0x4
  .const_xdc_runtime_System_exitFxn__C
                          const    0x0000056c     0x4  app_prm3.orm3 [3]
                                 - 0x00000570     0x4

"A59":                                            0x4
  .const_xdc_runtime_System_maxAtexitHandlers__C
                          const    0x00000570     0x4  app_prm3.orm3 [3]
                                 - 0x00000574     0x4

"A34":                                            0x4
  .const_xdc_runtime_Text_charTab__C
                          const    0x00000574     0x4  app_prm3.orm3 [3]
                                 - 0x00000578     0x4

"A109":                                           0x4
  .const_xdc_runtime_Text_nameEmpty__C
                          const    0x00000578     0x4  app_prm3.orm3 [3]
                                 - 0x0000057c     0x4

"A100":                                           0x4
  .const_xdc_runtime_Text_nameStatic__C
                          const    0x0000057c     0x4  app_prm3.orm3 [3]
                                 - 0x00000580     0x4

"A120":                                           0x4
  .const_xdc_runtime_Text_nameUnknown__C
                          const    0x00000580     0x4  app_prm3.orm3 [3]
                                 - 0x00000584     0x4

"A88":                                            0x2
  .const_xdc_runtime_Main_Module__id__C
                          const    0x00000584     0x2  app_prm3.orm3 [3]
                                 - 0x00000586     0x2

"A43":                                            0x2
  .const_xdc_runtime_Memory_Module__id__C
                          const    0x00000586     0x2  app_prm3.orm3 [3]
                                 - 0x00000588     0x2

"A26":                                            0x2
  .const_xdc_runtime_Text_charCnt__C
                          const    0x00000588     0x2  app_prm3.orm3 [3]
                                 - 0x0000058a     0x2

"A15":                                            0x2
  .const_xdc_runtime_Text_isLoaded__C
                          const    0x0000058a     0x2  app_prm3.orm3 [3]
                                 - 0x0000058c     0x2

"A4":                                             0x1
  .const_xdc_runtime_Error_policy__C
                          const    0x0000058c     0x1  app_prm3.orm3 [3]
                                 - 0x0000058d     0x1

"A118":                                           0x4
  .const_ti_sysbios_rom_ROM_AONRTCChannelEnable
                          const    0x00000590     0x4  app_prm3.orm3 [3]
                                 - 0x00000594     0x4

"A85":                                            0x4
  .const_ti_sysbios_rom_ROM_AONRTCCompareValueSet
                          const    0x00000594     0x4  app_prm3.orm3 [3]
                                 - 0x00000598     0x4

"A35":                                            0x4
  .const_ti_sysbios_rom_ROM_AONRTCCurrentCompareValueGet
                          const    0x00000598     0x4  app_prm3.orm3 [3]
                                 - 0x0000059c     0x4

"A69":                                            0x4
  .const_ti_sysbios_rom_ROM_AONRTCEventClear
                          const    0x0000059c     0x4  app_prm3.orm3 [3]
                                 - 0x000005a0     0x4

"A30":                                            0x4
  .const_ti_sysbios_rom_ROM_ti_sysbios_family_arm_cc26xx_Timer_getCount64__E
                          const    0x000005a0     0x4  app_prm3.orm3 [3]
                                 - 0x000005a4     0x4

"A37":                                            0x4
  .const_ti_sysbios_rom_ROM_ti_sysbios_family_arm_cc26xx_Timer_getCurrentTick__E
                          const    0x000005a4     0x4  app_prm3.orm3 [3]
                                 - 0x000005a8     0x4

"A11":                                            0x4
  .const_ti_sysbios_rom_ROM_ti_sysbios_family_arm_cc26xx_Timer_getMaxTicks__E
                          const    0x000005a8     0x4  app_prm3.orm3 [3]
                                 - 0x000005ac     0x4

"A8":                                             0x4
  .const_ti_sysbios_rom_ROM_ti_sysbios_family_arm_cc26xx_Timer_initDevice__I
                          const    0x000005ac     0x4  app_prm3.orm3 [3]
                                 - 0x000005b0     0x4

"A86":                                            0x4
  .const_ti_sysbios_rom_ROM_ti_sysbios_family_arm_cc26xx_Timer_setNextTick__E
                          const    0x000005b0     0x4  app_prm3.orm3 [3]
                                 - 0x000005b4     0x4

"A123":                                           0x4
  .const_ti_sysbios_rom_ROM_ti_sysbios_family_arm_cc26xx_Timer_setThreshold__I
                          const    0x000005b4     0x4  app_prm3.orm3 [3]
                                 - 0x000005b8     0x4

"A27":                                            0x4
  .const_ti_sysbios_rom_ROM_ti_sysbios_family_arm_cc26xx_Timer_start__E
                          const    0x000005b8     0x4  app_prm3.orm3 [3]
                                 - 0x000005bc     0x4

"A36":                                            0x4
[...]
trimDevice              0x00007915    0xe6  Code  Gb  setup.o [7]
udmaHWAttrs             0x000000f0     0x8  Data  Gb  Board.o [2]
unknownStr              0x0000b754     0x8  Data  Lc  tempsensor.o [2]
user0Cfg                0x20000638    0xb0  Data  Gb  main.o [2]
xdc_runtime_Assert_E_assertFailed__C
                        0x00000524     0x4  Data  Gb  app_prm3.orm3 [3]
xdc_runtime_Assert_raise__I {Abs}
                        0x1001c5a9          Data  Gb  command line/config [4]
xdc_runtime_Core_assignLabel__I {Abs}
                        0x1001c6ed          Data  Gb  command line/config [4]
xdc_runtime_Core_assignParams__I {Abs}
                        0x1001c5f1          Data  Gb  command line/config [4]
xdc_runtime_Core_constructObject__I {Abs}
                        0x1001c639          Data  Gb  command line/config [4]
xdc_runtime_Core_createObject__I {Abs}
                        0x1001c405          Data  Gb  command line/config [4]
xdc_runtime_Core_deleteObject__I {Abs}
                        0x1001c4f9          Data  Gb  command line/config [4]
xdc_runtime_Core_destructObject__I {Abs}
                        0x1001c7a1          Data  Gb  command line/config [4]
xdc_runtime_Error_E_memory__C
                        0x00000528     0x4  Data  Gb  app_prm3.orm3 [3]
xdc_runtime_Error_check__E {Abs}
                        0x1001c7b9          Data  Gb  command line/config [4]
xdc_runtime_Error_init__E {Abs}
                        0x1001c841          Data  Gb  command line/config [4]
xdc_runtime_Error_policyFxn__C
                        0x0000052c     0x4  Data  Gb  app_prm3.orm3 [3]
xdc_runtime_Error_policySpin__E {Abs}
                        0x1001c487          Data  Gb  command line/config [4]
xdc_runtime_Error_policy__C
                        0x0000058c     0x1  Data  Gb  app_prm3.orm3 [3]
xdc_runtime_Error_raiseX__E {Abs}
                        0x1001c769          Data  Gb  command line/config [4]
xdc_runtime_Gate_enterSystem__E {Abs}
                        0x1001c885          Data  Gb  command line/config [4]
xdc_runtime_Gate_leaveSystem__E {Abs}
                        0x1001c879          Data  Gb  command line/config [4]
xdc_runtime_IGateProvider_Interface__BASE__C
                        0x00000530     0x4  Data  Gb  app_prm3.orm3 [3]
xdc_runtime_IHeap_Interface__BASE__C
                        0x00000534     0x4  Data  Gb  app_prm3.orm3 [3]
xdc_runtime_IModule_Interface__BASE__C
                        0x00000538     0x4  Data  Gb  app_prm3.orm3 [3]
xdc_runtime_Main_Module__diagsEnabled__C
                        0x0000053c     0x4  Data  Gb  app_prm3.orm3 [3]
xdc_runtime_Main_Module__diagsIncluded__C
                        0x00000540     0x4  Data  Gb  app_prm3.orm3 [3]
xdc_runtime_Main_Module__diagsMask__C
                        0x00000544     0x4  Data  Gb  app_prm3.orm3 [3]
xdc_runtime_Main_Module__id__C
                        0x00000584     0x2  Data  Gb  app_prm3.orm3 [3]
xdc_runtime_Memory_HeapProxy_Handle__label__S {Abs}
                        0x1001bc89          Data  Gb  command line/config [4]
xdc_runtime_Memory_HeapProxy_Object__delete__S {Abs}
                        0x1001bca9          Data  Gb  command line/config [4]
xdc_runtime_Memory_HeapProxy_alloc__E {Abs}
                        0x1001c889          Data  Gb  command line/config [4]
xdc_runtime_Memory_HeapProxy_free__E {Abs}
                        0x1001c88d          Data  Gb  command line/config [4]
xdc_runtime_Memory_Module__id__C
                        0x00000586     0x2  Data  Gb  app_prm3.orm3 [3]
xdc_runtime_Memory_Module__state__V
                        0x20000200     0x4  Data  Gb  app_prm3.orm3 [3]
xdc_runtime_Memory_alloc__E {Abs}
                        0x1001c489          Data  Gb  command line/config [4]
xdc_runtime_Memory_calloc__E {Abs}
                        0x1001c84d          Data  Gb  command line/config [4]
xdc_runtime_Memory_defaultHeapInstance__C
                        0x00000548     0x4  Data  Gb  app_prm3.orm3 [3]
xdc_runtime_Memory_free__E {Abs}
                        0x1001c801          Data  Gb  command line/config [4]
xdc_runtime_Memory_getMaxDefaultTypeAlign__E {Abs}
                        0x1001c859          Data  Gb  command line/config [4]
xdc_runtime_Memory_valloc__E {Abs}
                        0x1001c785          Data  Gb  command line/config [4]
xdc_runtime_Startup_Module__state__V
                        0x200001f0     0x8  Data  Gb  app_prm3.orm3 [3]
xdc_runtime_Startup__EXECFXN__C {Abs}
                        0x00000001          Data  Gb  command line/config [4]
xdc_runtime_Startup__RESETFXN__C {Abs}
                        0x00000001          Data  Gb  command line/config [4]
xdc_runtime_Startup_execImpl__C
                        0x0000054c     0x4  Data  Gb  app_prm3.orm3 [3]
xdc_runtime_Startup_exec__E {Abs}
                        0x1001c559          Data  Gb  command line/config [4]
xdc_runtime_Startup_exec__I
                        0x0000813b    0x10  Code  Gb  app_prm3.orm3 [3]
xdc_runtime_Startup_firstFxns__A
                        0x0000b5f8    0x10  Data  Gb  app_prm3.orm3 [3]
xdc_runtime_Startup_firstFxns__C
                        0x00000514     0x8  Data  Gb  app_prm3.orm3 [3]
xdc_runtime_Startup_getState__I
                        0x000080b9    0x82  Code  Gb  app_prm3.orm3 [3]
xdc_runtime_Startup_lastFxns__C
                        0x0000051c     0x8  Data  Gb  app_prm3.orm3 [3]
xdc_runtime_Startup_maxPasses__C
                        0x00000550     0x4  Data  Gb  app_prm3.orm3 [3]
xdc_runtime_Startup_reset__I
                        0x0000814b    0x30  Code  Gb  app_prm3.orm3 [3]
xdc_runtime_Startup_sfxnRts__A
                        0x0000b56c    0x14  Data  Gb  app_prm3.orm3 [3]
xdc_runtime_Startup_sfxnRts__C
                        0x00000554     0x4  Data  Gb  app_prm3.orm3 [3]
xdc_runtime_Startup_sfxnTab__A
                        0x0000b348    0x28  Data  Gb  app_prm3.orm3 [3]
xdc_runtime_Startup_sfxnTab__C
                        0x00000558     0x4  Data  Gb  app_prm3.orm3 [3]
xdc_runtime_Startup_startModsFxn__C
                        0x0000055c     0x4  Data  Gb  app_prm3.orm3 [3]
xdc_runtime_Startup_startMods__I {Abs}
                        0x1001c30d          Data  Gb  command line/config [4]
xdc_runtime_SysCallback_abortFxn__C
                        0x00000560     0x4  Data  Gb  app_prm3.orm3 [3]
xdc_runtime_SysCallback_abort__E {Abs}
                        0x1001c811          Data  Gb  command line/config [4]
xdc_runtime_SysCallback_defaultAbort
                        0x0000783d     0x2  Code  Gb  mangled__BIOS_lib.obj [11]
xdc_runtime_SysCallback_defaultExit
                        0x0000783f     0x2  Code  Gb  mangled__BIOS_lib.obj [11]
xdc_runtime_SysCallback_exitFxn__C
                        0x00000564     0x4  Data  Gb  app_prm3.orm3 [3]
xdc_runtime_SysCallback_exit__E {Abs}
                        0x1001c821          Data  Gb  command line/config [4]
xdc_runtime_System_Module_GateProxy_Handle__label__S {Abs}
                        0x1001bbe9          Data  Gb  command line/config [4]
xdc_runtime_System_Module_GateProxy_Object__delete__S {Abs}
                        0x1001bc09          Data  Gb  command line/config [4]
xdc_runtime_System_Module_GateProxy_enter__E {Abs}
                        0x1001c891          Data  Gb  command line/config [4]
xdc_runtime_System_Module_GateProxy_leave__E {Abs}
                        0x1001c895          Data  Gb  command line/config [4]
xdc_runtime_System_Module_GateProxy_query__E {Abs}
                        0x1001c269          Data  Gb  command line/config [4]
xdc_runtime_System_Module__state__V
                        0x200001f8     0x8  Data  Gb  app_prm3.orm3 [3]
xdc_runtime_System_Module_startup__E {Abs}
                        0x1001c87f          Data  Gb  command line/config [4]
xdc_runtime_System_SupportProxy_abort__E
                        0x000082b7     0x4  Code  Gb  app_prm3.orm3 [3]
xdc_runtime_System_SupportProxy_exit__E
                        0x000082bb     0x4  Code  Gb  app_prm3.orm3 [3]
xdc_runtime_System_abortFxn__C
                        0x00000568     0x4  Data  Gb  app_prm3.orm3 [3]
xdc_runtime_System_abortSpin__E {Abs}
                        0x1001c899          Data  Gb  command line/config [4]
xdc_runtime_System_abort__E {Abs}
                        0x1001c749          Data  Gb  command line/config [4]
xdc_runtime_System_atexit__E {Abs}
                        0x1001c681          Data  Gb  command line/config [4]
xdc_runtime_System_exitFxn__C
                        0x0000056c     0x4  Data  Gb  app_prm3.orm3 [3]
xdc_runtime_System_exitSpin__E {Abs}
                        0x1001c89b          Data  Gb  command line/config [4]
xdc_runtime_System_exit__E {Abs}
                        0x1001c7d1          Data  Gb  command line/config [4]
xdc_runtime_System_maxAtexitHandlers__C
                        0x00000570     0x4  Data  Gb  app_prm3.orm3 [3]
xdc_runtime_System_processAtExit__E {Abs}
                        0x1001c6b9          Data  Gb  command line/config [4]
xdc_runtime_Text_charCnt__C
                        0x00000588     0x2  Data  Gb  app_prm3.orm3 [3]
xdc_runtime_Text_charTab__A
                        0x000000b2     0x1  Data  Gb  app_prm3.orm3 [3]
xdc_runtime_Text_charTab__C
                        0x00000574     0x4  Data  Gb  app_prm3.orm3 [3]
xdc_runtime_Text_cordText__E {Abs}
                        0x1001c71d          Data  Gb  command line/config [4]
xdc_runtime_Text_isLoaded__C
                        0x0000058a     0x2  Data  Gb  app_prm3.orm3 [3]
xdc_runtime_Text_nameEmpty__C
                        0x00000578     0x4  Data  Gb  app_prm3.orm3 [3]
xdc_runtime_Text_nameStatic__C
                        0x0000057c     0x4  Data  Gb  app_prm3.orm3 [3]
xdc_runtime_Text_nameUnknown__C
                        0x00000580     0x4  Data  Gb  app_prm3.orm3 [3]
xdc_runtime_Text_ropeText__E {Abs}
                        0x1001c7e9          Data  Gb  command line/config [4]
xdc_runtime_Timestamp_SupportProxy_get32__E {Abs}
                        0x1001c831          Data  Gb  command line/config [4]
xdc_runtime_Timestamp_SupportProxy_get64__E {Abs}
                        0x1001b9d1          Data  Gb  command line/config [4]
xdc_runtime_Timestamp_SupportProxy_getFreq__E {Abs}
                        0x1001c12f          Data  Gb  command line/config [4]
xdc_runtime_Timestamp_get32__E {Abs}
                        0x1001c831          Data  Gb  command line/config [4]
xdc_runtime_Timestamp_get64__E {Abs}
                        0x1001b9d1          Data  Gb  command line/config [4]
xdc_runtime_Timestamp_getFreq__E {Abs}
                        0x1001c12f          Data  Gb  command line/config [4]
zcStr                   0x0000b73c     0x8  Data  Lc  tempsensor.o [2]
zclAnalogDataType       0x000013b9    0x26  Code  Gb  zcl.o [2]
zclAuthorizeRead        0x00001669    0x2c  Code  Lc  zcl.o [2]
zclAuthorizeWrite       0x00001783    0x2c  Code  Lc  zcl.o [2]
zclBuildHdr             0x00000ff7    0x60  Code  Lc  zcl.o [2]
zclCalcHdrSize          0x00001057    0x14  Code  Lc  zcl.o [2]
zclCmdTable             0x0000b050    0xb8  Data  Lc  zcl.o [2]
zclEZModeErr            0x2000327d     0x1  Data  Gb  zcl_ezmode.o [2]
zclEZModeInvokeData     0x2000318c    0x10  Data  Gb  zcl_ezmode.o [2]
zclEZModeMatched        0x20003280     0x1  Data  Gb  zcl_ezmode.o [2]
zclEZModeOpener         0x2000327f     0x1  Data  Gb  zcl_ezmode.o [2]
zclEZModeQueryRspEP     0x20003281     0x1  Data  Gb  zcl_ezmode.o [2]
zclEZModeQueryRspNwkAddr
                        0x2000326a     0x2  Data  Gb  zcl_ezmode.o [2]
zclEZModeRegisterData   0x2000317c    0x10  Data  Gb  zcl_ezmode.o [2]
zclEZModeRegistered     0x2000327c     0x1  Data  Gb  zcl_ezmode.o [2]
zclEZModeState          0x2000327e     0x1  Data  Gb  zcl_ezmode.o [2]
zclFindAttrRec          0x000010bd    0x80  Code  Gb  zcl.o [2]
zclFindAttrRecsList     0x0000109b    0x22  Code  Lc  zcl.o [2]
zclFindClusterOption    0x00001171    0x50  Code  Lc  zcl.o [2]
zclFindPlugin           0x0000106b    0x30  Code  Lc  zcl.o [2]
zclGenCBs               0x20003240     0x4  Data  Lc  zcl_general.o [2]
zclGenPluginRegisted    0x20003282     0x1  Data  Lc  zcl_general.o [2]
zclGeneral_FindCallbacks
                        0x00005de5    0x22  Code  Lc  zcl_general.o [2]
zclGeneral_HdlInSpecificCommands
                        0x00005e45    0x46  Code  Lc  zcl_general.o [2]
zclGeneral_HdlIncoming  0x00005e11    0x34  Code  Lc  zcl_general.o [2]
zclGeneral_ProcessInBasic
                        0x00005e8b    0x28  Code  Lc  zcl_general.o [2]
zclGeneral_ProcessInIdentity
                        0x00005eb3    0xf6  Code  Lc  zcl_general.o [2]
zclGeneral_RegisterCmdCallbacks
                        0x00005d35    0x5c  Code  Gb  zcl_general.o [2]
zclGeneral_SendIdentifyQueryResponse
                        0x00005d91    0x54  Code  Gb  zcl_general.o [2]
zclGetAttrDataLength    0x0000151b    0x46  Code  Gb  zcl.o [2]
zclGetAttrDataLengthUsingCB
                        0x000015eb    0x38  Code  Lc  zcl.o [2]
zclGetAuthorizeCB       0x00001157    0x1a  Code  Lc  zcl.o [2]
zclGetClusterOption     0x000011c1    0x26  Code  Lc  zcl.o [2]
zclGetDataTypeLength    0x0000143d    0xde  Code  Gb  zcl.o [2]
zclGetReadWriteCB       0x0000113d    0x1a  Code  Lc  zcl.o [2]
zclIsLittleEndianMachine
                        0x000013df    0x10  Code  Lc  zcl.o [2]
zclParseHdr             0x00000f79    0x7e  Code  Gb  zcl.o [2]
zclParseInConfigReportCmd
                        0x00001a9f   0x1ac  Code  Gb  zcl.o [2]
zclParseInConfigReportRspCmd
                        0x00001c4b    0x64  Code  Lc  zcl.o [2]
zclParseInDefaultRspCmd
                        0x00001fdb    0x20  Code  Lc  zcl.o [2]
zclParseInReadCmd       0x000017af    0x48  Code  Gb  zcl.o [2]
zclParseInReadReportCfgCmd
                        0x00001caf    0x58  Code  Gb  zcl.o [2]
zclParseInReadReportCfgRspCmd
                        0x00001d07   0x1c2  Code  Lc  zcl.o [2]
zclParseInReadRspCmd    0x000017f7   0x138  Code  Lc  zcl.o [2]
zclParseInReportCmd     0x00001ec9   0x112  Code  Gb  zcl.o [2]
zclParseInWriteCmd      0x0000192f   0x112  Code  Gb  zcl.o [2]
zclParseInWriteRspCmd   0x00001a41    0x5e  Code  Lc  zcl.o [2]
zclPortFindEntity       0x00002741    0x38  Code  Gb  zcl_port.o [2]
zclProcessInReadCmd     0x00001ffb    0xea  Code  Lc  zcl.o [2]
zclProcessInWriteCmd    0x000020e5   0x16a  Code  Lc  zcl.o [2]
zclProcessInWriteUndividedCmd
                        0x000022c7   0x2b0  Code  Lc  zcl.o [2]
zclReadAttrData         0x00001561    0x32  Code  Gb  zcl.o [2]
zclReadAttrDataUsingCB  0x00001623    0x46  Code  Lc  zcl.o [2]
zclRevertWriteUndividedCmd
                        0x0000224f    0x78  Code  Lc  zcl.o [2]
zclSerializeData        0x0000121b   0x19e  Code  Gb  zcl.o [2]
zclSetSecurityOption    0x000011e7    0x34  Code  Lc  zcl.o [2]
zclWriteAttrData        0x00001695    0x70  Code  Lc  zcl.o [2]
zclWriteAttrDataUsingCB
                        0x00001725    0x5e  Code  Lc  zcl.o [2]
zcl_BuildAnalogData     0x000013ef    0x4e  Code  Lc  zcl.o [2]
zcl_DeviceOperational   0x00000697    0x5c  Code  Lc  zcl.o [2]
zcl_EZModeAction        0x000059ff   0x14e  Code  Gb  zcl_ezmode.o [2]
zcl_EZModeBindAddEntry  0x000029b5    0x80  Code  Gb  zcl_port.o [2]
zcl_EZModeGetNwkAddr    0x00002a35     0x6  Code  Gb  zcl_port.o [2]
zcl_EZModePermitJoiningRequest
                        0x00002957    0x3a  Code  Gb  zcl_port.o [2]
zcl_EZModeSendMatchDescReq
                        0x0000289b    0x72  Code  Gb  zcl_port.o [2]
zcl_EZModeStartDevice   0x00002991    0x24  Code  Gb  zcl_port.o [2]
zcl_EZModeStartTimer    0x0000290d    0x26  Code  Gb  zcl_port.o [2]
zcl_EZModeStopTimer     0x00002933    0x24  Code  Gb  zcl_port.o [2]
zcl_HandleExternal      0x000026bb    0x1e  Code  Gb  zcl_port.o [2]
zcl_InvokeEZMode        0x00005983    0x7c  Code  Gb  zcl_ezmode.o [2]
zcl_ProcessEZMode       0x00005b6d   0x1a0  Code  Lc  zcl_ezmode.o [2]
zcl_ProcessMessageMSG   0x00000c21   0x352  Code  Gb  zcl.o [2]
zcl_ReadAttrData        0x00001593    0x58  Code  Gb  zcl.o [2]
zcl_RegisterEZMode      0x00005969    0x1a  Code  Gb  zcl_ezmode.o [2]
zcl_SendCommand         0x000006f3   0x166  Code  Gb  zcl.o [2]
zcl_SendDefaultRspCmd   0x00000bc1    0x60  Code  Gb  zcl.o [2]
zcl_SendReadRsp         0x00000869   0x16c  Code  Gb  zcl.o [2]
zcl_SendReportCmd       0x00000abd   0x104  Code  Gb  zcl.o [2]
zcl_SendWriteRsp        0x000009d5    0xe8  Code  Gb  zcl.o [2]
zcl_SetEZModeError      0x00005b67     0x6  Code  Lc  zcl_ezmode.o [2]
zcl_SetEZModeState      0x00005b4d    0x1a  Code  Lc  zcl_ezmode.o [2]
zcl_TransID             0x2000327a     0x1  Data  Gb  zcl.o [2]
zcl_ValidateAttrDataCB  0x2000322c     0x4  Data  Gb  zcl.o [2]
zcl_buffer_uint32       0x00002729    0x18  Code  Gb  zcl_port.o [2]
zcl_getRawAFMsg         0x000005ed     0x6  Code  Gb  zcl.o [2]
zcl_mem_alloc           0x000026d9     0xe  Code  Gb  zcl_port.o [2]
zcl_mem_free            0x0000271d     0xc  Code  Gb  zcl_port.o [2]
zcl_memcpy              0x000026ff    0x1e  Code  Gb  zcl_port.o [2]
zcl_memset              0x000026e7    0x18  Code  Gb  zcl_port.o [2]
zcl_registerAttrList    0x00000643    0x54  Code  Gb  zcl.o [2]
zcl_registerPlugin      0x000005f3    0x50  Code  Gb  zcl.o [2]
zclport_getDeviceInfo   0x0000266d    0x16  Code  Gb  zcl_port.o [2]
zclport_isAlreadyPartOfNetwork
                        0x00002683    0x30  Code  Gb  zcl_port.o [2]
zclport_registerEZModeTimerCB
                        0x000026b3     0x8  Code  Gb  zcl_port.o [2]
zclport_registerEndpoint
                        0x000025c3    0xa2  Code  Gb  zcl_port.o [2]
zclport_registerNV      0x00002665     0x8  Code  Gb  zcl_port.o [2]
zdlEpDesc               0x2000316c    0x10  Data  Lc  tempsensor.o [2]
zedStr                  0x0000b74c     0x8  Data  Lc  tempsensor.o [2]
zrStr                   0x0000b744     0x8  Data  Lc  tempsensor.o [2]
ztsAttrs                0x0000af84    0xcc  Data  Gb  tempsensor.o [2]
ztsDateCode             0x0000b5e4    0x14  Data  Lc  tempsensor.o [2]
ztsDeviceEnable         0x2000097f     0x1  Data  Lc  tempsensor.o [2]
ztsDstAddr              0x2000315c    0x10  Data  Gb  tempsensor.o [2]
ztsEntity               0x20003262     0x2  Data  Lc  tempsensor.o [2]
ztsHWRevision           0x000000b4     0x1  Data  Lc  tempsensor.o [2]
ztsIdentifyTime         0x20003266     0x2  Data  Lc  tempsensor.o [2]
ztsLocationDescription  0x200006f0    0x14  Data  Lc  tempsensor.o [2]
ztsManufacturerName     0x0000b5bc    0x14  Data  Lc  tempsensor.o [2]
ztsMaxMeasuredValue     0x000000b0     0x2  Data  Lc  tempsensor.o [2]
ztsMeasuredValue        0x20000976     0x2  Data  Lc  tempsensor.o [2]
ztsMinMeasuredValue     0x000000ae     0x2  Data  Lc  tempsensor.o [2]
ztsModelId              0x0000b5d0    0x14  Data  Lc  tempsensor.o [2]
ztsOnOff                0x20003279     0x1  Data  Lc  tempsensor.o [2]
ztsPhysicalEnvironment  0x20003278     0x1  Data  Lc  tempsensor.o [2]
ztsPowerSource          0x00000511     0x1  Data  Lc  tempsensor.o [2]
ztsTransID              0x20003274     0x1  Data  Lc  tempsensor.o [2]
ztsZCLVersion           0x000000b5     0x1  Data  Lc  tempsensor.o [2]


[1] = C:\ti\simplelink\zstack_home_1_02_02a_44539\Projects\common\TIMAC_ROM_Release\03282014
[2] = C:\ti\simplelink\zstack_home_1_02_02a_44539\Projects\zstack\HomeAutomation\SampleTemperatureSensor\CC26xx\SmartRF06\Obj
[3] = C:\ti\simplelink\zstack_home_1_02_02a_44539\Projects\zstack\HomeAutomation\SampleTemperatureSensor\CC26xx\configPkg\package\cfg
[4] = command line
[5] = boot.arm3
[6] = dl7M_tln.a
[7] = driverlib.lib
[8] = drivers_cc26xxware.arm3
[9] = m7M_tl.a
[10] = rt7M_tl.a
[11] = sysbios.arm3

  43 906 bytes of readonly  code memory
   3 869 bytes of readonly  data memory
  12 393 bytes of readwrite data memory

Errors: none
Warnings: 3
